Archive member included to satisfy reference by file (symbol)

f:/essencialsoft/ide_stm/stm32cubeide_1.6.1/stm32cubeide/plugins/com.st.stm32cube.ide.mcu.externaltools.gnu-tools-for-stm32.9-2020-q2-update.win32_1.5.0.202011040924/tools/bin/../lib/gcc/arm-none-eabi/9.3.1/../../../../arm-none-eabi/lib/thumb/v7e-m+fp/hard\libc_nano.a(lib_a-errno.o)
                              Application/User/syscalls.o (__errno)
f:/essencialsoft/ide_stm/stm32cubeide_1.6.1/stm32cubeide/plugins/com.st.stm32cube.ide.mcu.externaltools.gnu-tools-for-stm32.9-2020-q2-update.win32_1.5.0.202011040924/tools/bin/../lib/gcc/arm-none-eabi/9.3.1/../../../../arm-none-eabi/lib/thumb/v7e-m+fp/hard\libc_nano.a(lib_a-exit.o)
                              f:/essencialsoft/ide_stm/stm32cubeide_1.6.1/stm32cubeide/plugins/com.st.stm32cube.ide.mcu.externaltools.gnu-tools-for-stm32.9-2020-q2-update.win32_1.5.0.202011040924/tools/bin/../lib/gcc/arm-none-eabi/9.3.1/../../../../arm-none-eabi/lib/thumb/v7e-m+fp/hard/crt0.o (exit)
f:/essencialsoft/ide_stm/stm32cubeide_1.6.1/stm32cubeide/plugins/com.st.stm32cube.ide.mcu.externaltools.gnu-tools-for-stm32.9-2020-q2-update.win32_1.5.0.202011040924/tools/bin/../lib/gcc/arm-none-eabi/9.3.1/../../../../arm-none-eabi/lib/thumb/v7e-m+fp/hard\libc_nano.a(lib_a-impure.o)
                              f:/essencialsoft/ide_stm/stm32cubeide_1.6.1/stm32cubeide/plugins/com.st.stm32cube.ide.mcu.externaltools.gnu-tools-for-stm32.9-2020-q2-update.win32_1.5.0.202011040924/tools/bin/../lib/gcc/arm-none-eabi/9.3.1/../../../../arm-none-eabi/lib/thumb/v7e-m+fp/hard\libc_nano.a(lib_a-exit.o) (_global_impure_ptr)
f:/essencialsoft/ide_stm/stm32cubeide_1.6.1/stm32cubeide/plugins/com.st.stm32cube.ide.mcu.externaltools.gnu-tools-for-stm32.9-2020-q2-update.win32_1.5.0.202011040924/tools/bin/../lib/gcc/arm-none-eabi/9.3.1/../../../../arm-none-eabi/lib/thumb/v7e-m+fp/hard\libc_nano.a(lib_a-init.o)
                              f:/essencialsoft/ide_stm/stm32cubeide_1.6.1/stm32cubeide/plugins/com.st.stm32cube.ide.mcu.externaltools.gnu-tools-for-stm32.9-2020-q2-update.win32_1.5.0.202011040924/tools/bin/../lib/gcc/arm-none-eabi/9.3.1/../../../../arm-none-eabi/lib/thumb/v7e-m+fp/hard/crt0.o (__libc_init_array)
f:/essencialsoft/ide_stm/stm32cubeide_1.6.1/stm32cubeide/plugins/com.st.stm32cube.ide.mcu.externaltools.gnu-tools-for-stm32.9-2020-q2-update.win32_1.5.0.202011040924/tools/bin/../lib/gcc/arm-none-eabi/9.3.1/../../../../arm-none-eabi/lib/thumb/v7e-m+fp/hard\libc_nano.a(lib_a-memcpy-stub.o)
                              Middlewares/MotorControl/mcpa.o (memcpy)
f:/essencialsoft/ide_stm/stm32cubeide_1.6.1/stm32cubeide/plugins/com.st.stm32cube.ide.mcu.externaltools.gnu-tools-for-stm32.9-2020-q2-update.win32_1.5.0.202011040924/tools/bin/../lib/gcc/arm-none-eabi/9.3.1/../../../../arm-none-eabi/lib/thumb/v7e-m+fp/hard\libc_nano.a(lib_a-memset.o)
                              f:/essencialsoft/ide_stm/stm32cubeide_1.6.1/stm32cubeide/plugins/com.st.stm32cube.ide.mcu.externaltools.gnu-tools-for-stm32.9-2020-q2-update.win32_1.5.0.202011040924/tools/bin/../lib/gcc/arm-none-eabi/9.3.1/../../../../arm-none-eabi/lib/thumb/v7e-m+fp/hard/crt0.o (memset)
f:/essencialsoft/ide_stm/stm32cubeide_1.6.1/stm32cubeide/plugins/com.st.stm32cube.ide.mcu.externaltools.gnu-tools-for-stm32.9-2020-q2-update.win32_1.5.0.202011040924/tools/bin/../lib/gcc/arm-none-eabi/9.3.1/thumb/v7e-m+fp/hard\libgcc.a(_aeabi_ldivmod.o)
                              Drivers/STM32G4xx_HAL_Driver/stm32g4xx_hal_uart.o (__aeabi_ldivmod)
f:/essencialsoft/ide_stm/stm32cubeide_1.6.1/stm32cubeide/plugins/com.st.stm32cube.ide.mcu.externaltools.gnu-tools-for-stm32.9-2020-q2-update.win32_1.5.0.202011040924/tools/bin/../lib/gcc/arm-none-eabi/9.3.1/thumb/v7e-m+fp/hard\libgcc.a(_aeabi_uldivmod.o)
                              Drivers/STM32G4xx_HAL_Driver/stm32g4xx_hal_uart.o (__aeabi_uldivmod)
f:/essencialsoft/ide_stm/stm32cubeide_1.6.1/stm32cubeide/plugins/com.st.stm32cube.ide.mcu.externaltools.gnu-tools-for-stm32.9-2020-q2-update.win32_1.5.0.202011040924/tools/bin/../lib/gcc/arm-none-eabi/9.3.1/thumb/v7e-m+fp/hard\libgcc.a(_udivmoddi4.o)
                              f:/essencialsoft/ide_stm/stm32cubeide_1.6.1/stm32cubeide/plugins/com.st.stm32cube.ide.mcu.externaltools.gnu-tools-for-stm32.9-2020-q2-update.win32_1.5.0.202011040924/tools/bin/../lib/gcc/arm-none-eabi/9.3.1/thumb/v7e-m+fp/hard\libgcc.a(_aeabi_ldivmod.o) (__udivmoddi4)
f:/essencialsoft/ide_stm/stm32cubeide_1.6.1/stm32cubeide/plugins/com.st.stm32cube.ide.mcu.externaltools.gnu-tools-for-stm32.9-2020-q2-update.win32_1.5.0.202011040924/tools/bin/../lib/gcc/arm-none-eabi/9.3.1/thumb/v7e-m+fp/hard\libgcc.a(_dvmd_tls.o)
                              f:/essencialsoft/ide_stm/stm32cubeide_1.6.1/stm32cubeide/plugins/com.st.stm32cube.ide.mcu.externaltools.gnu-tools-for-stm32.9-2020-q2-update.win32_1.5.0.202011040924/tools/bin/../lib/gcc/arm-none-eabi/9.3.1/thumb/v7e-m+fp/hard\libgcc.a(_aeabi_ldivmod.o) (__aeabi_ldiv0)

Allocating common symbols
[...]
Memory Configuration

Name             Origin             Length             Attributes
RAM              0x0000000020000000 0x0000000000008000 xrw
FLASH            0x0000000008000000 0x0000000000020000 xr
*default*        0x0000000000000000 0xffffffffffffffff

Linker script and memory map

LOAD f:/essencialsoft/ide_stm/stm32cubeide_1.6.1/stm32cubeide/plugins/com.st.stm32cube.ide.mcu.externaltools.gnu-tools-for-stm32.9-2020-q2-update.win32_1.5.0.202011040924/tools/bin/../lib/gcc/arm-none-eabi/9.3.1/thumb/v7e-m+fp/hard/crti.o
LOAD f:/essencialsoft/ide_stm/stm32cubeide_1.6.1/stm32cubeide/plugins/com.st.stm32cube.ide.mcu.externaltools.gnu-tools-for-stm32.9-2020-q2-update.win32_1.5.0.202011040924/tools/bin/../lib/gcc/arm-none-eabi/9.3.1/thumb/v7e-m+fp/hard/crtbegin.o
LOAD f:/essencialsoft/ide_stm/stm32cubeide_1.6.1/stm32cubeide/plugins/com.st.stm32cube.ide.mcu.externaltools.gnu-tools-for-stm32.9-2020-q2-update.win32_1.5.0.202011040924/tools/bin/../lib/gcc/arm-none-eabi/9.3.1/../../../../arm-none-eabi/lib/thumb/v7e-m+fp/hard/crt0.o
LOAD Application/Startup/startup_stm32g431cbux.o
LOAD Application/User/aspep.o
LOAD Application/User/main.o
LOAD Application/User/mc_api.o
LOAD Application/User/mc_config.o
LOAD Application/User/mc_configuration_registers.o
LOAD Application/User/mc_interface.o
LOAD Application/User/mc_math.o
LOAD Application/User/mc_parameters.o
LOAD Application/User/mc_tasks.o
LOAD Application/User/mcp_config.o
LOAD Application/User/motorcontrol.o
LOAD Application/User/pwm_curr_fdbk.o
LOAD Application/User/register_interface.o
LOAD Application/User/regular_conversion_manager.o
LOAD Application/User/stm32g4xx_hal_msp.o
LOAD Application/User/stm32g4xx_it.o
LOAD Application/User/stm32g4xx_mc_it.o
LOAD Application/User/syscalls.o
LOAD Application/User/sysmem.o
LOAD Application/User/usart_aspep_driver.o
LOAD Drivers/CMSIS/system_stm32g4xx.o
LOAD Drivers/STM32G4xx_HAL_Driver/stm32g4xx_hal.o
LOAD Drivers/STM32G4xx_HAL_Driver/stm32g4xx_hal_adc.o
LOAD Drivers/STM32G4xx_HAL_Driver/stm32g4xx_hal_adc_ex.o
LOAD Drivers/STM32G4xx_HAL_Driver/stm32g4xx_hal_comp.o
LOAD Drivers/STM32G4xx_HAL_Driver/stm32g4xx_hal_cordic.o
LOAD Drivers/STM32G4xx_HAL_Driver/stm32g4xx_hal_cortex.o
LOAD Drivers/STM32G4xx_HAL_Driver/stm32g4xx_hal_dac.o
LOAD Drivers/STM32G4xx_HAL_Driver/stm32g4xx_hal_dac_ex.o
LOAD Drivers/STM32G4xx_HAL_Driver/stm32g4xx_hal_dma.o
LOAD Drivers/STM32G4xx_HAL_Driver/stm32g4xx_hal_dma_ex.o
LOAD Drivers/STM32G4xx_HAL_Driver/stm32g4xx_hal_exti.o
LOAD Drivers/STM32G4xx_HAL_Driver/stm32g4xx_hal_flash.o
LOAD Drivers/STM32G4xx_HAL_Driver/stm32g4xx_hal_flash_ex.o
LOAD Drivers/STM32G4xx_HAL_Driver/stm32g4xx_hal_flash_ramfunc.o
LOAD Drivers/STM32G4xx_HAL_Driver/stm32g4xx_hal_gpio.o
LOAD Drivers/STM32G4xx_HAL_Driver/stm32g4xx_hal_opamp.o
LOAD Drivers/STM32G4xx_HAL_Driver/stm32g4xx_hal_opamp_ex.o
LOAD Drivers/STM32G4xx_HAL_Driver/stm32g4xx_hal_pwr.o
LOAD Drivers/STM32G4xx_HAL_Driver/stm32g4xx_hal_pwr_ex.o
LOAD Drivers/STM32G4xx_HAL_Driver/stm32g4xx_hal_rcc.o
LOAD Drivers/STM32G4xx_HAL_Driver/stm32g4xx_hal_rcc_ex.o
LOAD Drivers/STM32G4xx_HAL_Driver/stm32g4xx_hal_tim.o
LOAD Drivers/STM32G4xx_HAL_Driver/stm32g4xx_hal_tim_ex.o
LOAD Drivers/STM32G4xx_HAL_Driver/stm32g4xx_hal_uart.o
LOAD Drivers/STM32G4xx_HAL_Driver/stm32g4xx_hal_uart_ex.o
LOAD Drivers/STM32G4xx_HAL_Driver/stm32g4xx_ll_adc.o
LOAD Middlewares/MotorControl/bus_voltage_sensor.o
LOAD Middlewares/MotorControl/circle_limitation.o
LOAD Middlewares/MotorControl/digital_output.o
LOAD Middlewares/MotorControl/hall_speed_pos_fdbk.o
LOAD Middlewares/MotorControl/mcp.o
LOAD Middlewares/MotorControl/mcpa.o
LOAD Middlewares/MotorControl/motor_power_measurement.o
LOAD Middlewares/MotorControl/ntc_temperature_sensor.o
LOAD Middlewares/MotorControl/open_loop.o
LOAD Middlewares/MotorControl/pid_regulator.o
LOAD Middlewares/MotorControl/pqd_motor_power_measurement.o
LOAD Middlewares/MotorControl/pwm_common.o
LOAD Middlewares/MotorControl/r3_2_g4xx_pwm_curr_fdbk.o
LOAD Middlewares/MotorControl/r_divider_bus_voltage_sensor.o
LOAD Middlewares/MotorControl/ramp_ext_mngr.o
LOAD Middlewares/MotorControl/speed_pos_fdbk.o
LOAD Middlewares/MotorControl/speed_torq_ctrl.o
LOAD Middlewares/MotorControl/state_machine.o
LOAD Middlewares/MotorControl/virtual_speed_sensor.o
LOAD ../../MCSDK_v5.Y.1/MotorControl/lib\libmc-gcc_M4_NoCCMRAM.lib
START GROUP
LOAD ../../MCSDK_v5.Y.1/MotorControl/lib\libmc-gcc_M4_NoCCMRAM.lib
END GROUP
START GROUP
LOAD f:/essencialsoft/ide_stm/stm32cubeide_1.6.1/stm32cubeide/plugins/com.st.stm32cube.ide.mcu.externaltools.gnu-tools-for-stm32.9-2020-q2-update.win32_1.5.0.202011040924/tools/bin/../lib/gcc/arm-none-eabi/9.3.1/../../../../arm-none-eabi/lib/thumb/v7e-m+fp/hard\libc_nano.a
LOAD f:/essencialsoft/ide_stm/stm32cubeide_1.6.1/stm32cubeide/plugins/com.st.stm32cube.ide.mcu.externaltools.gnu-tools-for-stm32.9-2020-q2-update.win32_1.5.0.202011040924/tools/bin/../lib/gcc/arm-none-eabi/9.3.1/../../../../arm-none-eabi/lib/thumb/v7e-m+fp/hard\libm.a
END GROUP
START GROUP
LOAD f:/essencialsoft/ide_stm/stm32cubeide_1.6.1/stm32cubeide/plugins/com.st.stm32cube.ide.mcu.externaltools.gnu-tools-for-stm32.9-2020-q2-update.win32_1.5.0.202011040924/tools/bin/../lib/gcc/arm-none-eabi/9.3.1/thumb/v7e-m+fp/hard\libgcc.a
LOAD f:/essencialsoft/ide_stm/stm32cubeide_1.6.1/stm32cubeide/plugins/com.st.stm32cube.ide.mcu.externaltools.gnu-tools-for-stm32.9-2020-q2-update.win32_1.5.0.202011040924/tools/bin/../lib/gcc/arm-none-eabi/9.3.1/../../../../arm-none-eabi/lib/thumb/v7e-m+fp/hard\libc_nano.a
END GROUP
START GROUP
LOAD f:/essencialsoft/ide_stm/stm32cubeide_1.6.1/stm32cubeide/plugins/com.st.stm32cube.ide.mcu.externaltools.gnu-tools-for-stm32.9-2020-q2-update.win32_1.5.0.202011040924/tools/bin/../lib/gcc/arm-none-eabi/9.3.1/thumb/v7e-m+fp/hard\libgcc.a
LOAD f:/essencialsoft/ide_stm/stm32cubeide_1.6.1/stm32cubeide/plugins/com.st.stm32cube.ide.mcu.externaltools.gnu-tools-for-stm32.9-2020-q2-update.win32_1.5.0.202011040924/tools/bin/../lib/gcc/arm-none-eabi/9.3.1/../../../../arm-none-eabi/lib/thumb/v7e-m+fp/hard\libc_nano.a
LOAD f:/essencialsoft/ide_stm/stm32cubeide_1.6.1/stm32cubeide/plugins/com.st.stm32cube.ide.mcu.externaltools.gnu-tools-for-stm32.9-2020-q2-update.win32_1.5.0.202011040924/tools/bin/../lib/gcc/arm-none-eabi/9.3.1/../../../../arm-none-eabi/lib/thumb/v7e-m+fp/hard\libnosys.a
END GROUP
START GROUP
LOAD f:/essencialsoft/ide_stm/stm32cubeide_1.6.1/stm32cubeide/plugins/com.st.stm32cube.ide.mcu.externaltools.gnu-tools-for-stm32.9-2020-q2-update.win32_1.5.0.202011040924/tools/bin/../lib/gcc/arm-none-eabi/9.3.1/thumb/v7e-m+fp/hard\libgcc.a
LOAD f:/essencialsoft/ide_stm/stm32cubeide_1.6.1/stm32cubeide/plugins/com.st.stm32cube.ide.mcu.externaltools.gnu-tools-for-stm32.9-2020-q2-update.win32_1.5.0.202011040924/tools/bin/../lib/gcc/arm-none-eabi/9.3.1/../../../../arm-none-eabi/lib/thumb/v7e-m+fp/hard\libc_nano.a
LOAD f:/essencialsoft/ide_stm/stm32cubeide_1.6.1/stm32cubeide/plugins/com.st.stm32cube.ide.mcu.externaltools.gnu-tools-for-stm32.9-2020-q2-update.win32_1.5.0.202011040924/tools/bin/../lib/gcc/arm-none-eabi/9.3.1/../../../../arm-none-eabi/lib/thumb/v7e-m+fp/hard\libnosys.a
END GROUP
LOAD f:/essencialsoft/ide_stm/stm32cubeide_1.6.1/stm32cubeide/plugins/com.st.stm32cube.ide.mcu.externaltools.gnu-tools-for-stm32.9-2020-q2-update.win32_1.5.0.202011040924/tools/bin/../lib/gcc/arm-none-eabi/9.3.1/thumb/v7e-m+fp/hard/crtend.o
LOAD f:/essencialsoft/ide_stm/stm32cubeide_1.6.1/stm32cubeide/plugins/com.st.stm32cube.ide.mcu.externaltools.gnu-tools-for-stm32.9-2020-q2-update.win32_1.5.0.202011040924/tools/bin/../lib/gcc/arm-none-eabi/9.3.1/thumb/v7e-m+fp/hard/crtn.o
                0x0000000020008000                _estack = (ORIGIN (RAM) + LENGTH (RAM))
                0x0000000000000200                _Min_Heap_Size = 0x200
                0x0000000000000400                _Min_Stack_Size = 0x400

.isr_vector     0x0000000008000000      0x1d8
                0x0000000008000000                . = ALIGN (0x4)
 *(.isr_vector)
 .isr_vector    0x0000000008000000      0x1d8 Application/Startup/startup_stm32g431cbux.o
                0x0000000008000000                g_pfnVectors
                0x00000000080001d8                . = ALIGN (0x4)

.text           0x00000000080001d8     0x9368
                0x00000000080001d8                . = ALIGN (0x4)
 *(.text)
 .text          0x00000000080001d8       0x40 f:/essencialsoft/ide_stm/stm32cubeide_1.6.1/stm32cubeide/plugins/com.st.stm32cube.ide.mcu.externaltools.gnu-tools-for-stm32.9-2020-q2-update.win32_1.5.0.202011040924/tools/bin/../lib/gcc/arm-none-eabi/9.3.1/thumb/v7e-m+fp/hard/crtbegin.o
 .text          0x0000000008000218       0x30 f:/essencialsoft/ide_stm/stm32cubeide_1.6.1/stm32cubeide/plugins/com.st.stm32cube.ide.mcu.externaltools.gnu-tools-for-stm32.9-2020-q2-update.win32_1.5.0.202011040924/tools/bin/../lib/gcc/arm-none-eabi/9.3.1/thumb/v7e-m+fp/hard\libgcc.a(_aeabi_uldivmod.o)
                0x0000000008000218                __aeabi_uldivmod
 .text          0x0000000008000248      0x2c4 f:/essencialsoft/ide_stm/stm32cubeide_1.6.1/stm32cubeide/plugins/com.st.stm32cube.ide.mcu.externaltools.gnu-tools-for-stm32.9-2020-q2-update.win32_1.5.0.202011040924/tools/bin/../lib/gcc/arm-none-eabi/9.3.1/thumb/v7e-m+fp/hard\libgcc.a(_udivmoddi4.o)
                0x0000000008000248                __udivmoddi4
 .text          0x000000000800050c        0x4 f:/essencialsoft/ide_stm/stm32cubeide_1.6.1/stm32cubeide/plugins/com.st.stm32cube.ide.mcu.externaltools.gnu-tools-for-stm32.9-2020-q2-update.win32_1.5.0.202011040924/tools/bin/../lib/gcc/arm-none-eabi/9.3.1/thumb/v7e-m+fp/hard\libgcc.a(_dvmd_tls.o)
                0x000000000800050c                __aeabi_idiv0
                0x000000000800050c                __aeabi_ldiv0
 *(.text*)
 .text.Reset_Handler
                0x0000000008000510       0x50 Application/Startup/startup_stm32g431cbux.o
                0x0000000008000510                Reset_Handler
 .text.Default_Handler
                0x0000000008000560        0x2 Application/Startup/startup_stm32g431cbux.o
                0x0000000008000560                RTC_Alarm_IRQHandler
                0x0000000008000560                EXTI2_IRQHandler
                0x0000000008000560                TIM8_TRG_COM_IRQHandler
                0x0000000008000560                TIM8_CC_IRQHandler
                0x0000000008000560                DebugMon_Handler
                0x0000000008000560                TIM1_CC_IRQHandler
                0x0000000008000560                USB_HP_IRQHandler
                0x0000000008000560                CORDIC_IRQHandler
                0x0000000008000560                PendSV_Handler
                0x0000000008000560                NMI_Handler
                0x0000000008000560                EXTI3_IRQHandler
                0x0000000008000560                I2C3_ER_IRQHandler
                0x0000000008000560                EXTI0_IRQHandler
                0x0000000008000560                I2C2_EV_IRQHandler
                0x0000000008000560                FPU_IRQHandler
                0x0000000008000560                FDCAN1_IT1_IRQHandler
                0x0000000008000560                UsageFault_Handler
                0x0000000008000560                SPI1_IRQHandler
                0x0000000008000560                TIM6_DAC_IRQHandler
                0x0000000008000560                TIM8_UP_IRQHandler
                0x0000000008000560                DMA1_Channel4_IRQHandler
                0x0000000008000560                USART3_IRQHandler
                0x0000000008000560                DMA2_Channel1_IRQHandler
                0x0000000008000560                I2C1_EV_IRQHandler
                0x0000000008000560                DMA1_Channel6_IRQHandler
                0x0000000008000560                UART4_IRQHandler
                0x0000000008000560                DMA2_Channel4_IRQHandler
                0x0000000008000560                TIM3_IRQHandler
                0x0000000008000560                RCC_IRQHandler
                0x0000000008000560                DMA1_Channel1_IRQHandler
                0x0000000008000560                Default_Handler
                0x0000000008000560                RTC_TAMP_LSECSS_IRQHandler
                0x0000000008000560                FMAC_IRQHandler
                0x0000000008000560                TIM7_IRQHandler
                0x0000000008000560                UCPD1_IRQHandler
                0x0000000008000560                I2C3_EV_IRQHandler
                0x0000000008000560                EXTI9_5_IRQHandler
                0x0000000008000560                RTC_WKUP_IRQHandler
                0x0000000008000560                PVD_PVM_IRQHandler
                0x0000000008000560                SPI2_IRQHandler
                0x0000000008000560                MemManage_Handler
                0x0000000008000560                SVC_Handler
                0x0000000008000560                DMA2_Channel5_IRQHandler
                0x0000000008000560                CRS_IRQHandler
                0x0000000008000560                DMA1_Channel5_IRQHandler
                0x0000000008000560                USB_LP_IRQHandler
                0x0000000008000560                EXTI4_IRQHandler
                0x0000000008000560                RNG_IRQHandler
                0x0000000008000560                TIM1_TRG_COM_TIM17_IRQHandler
                0x0000000008000560                DMA1_Channel3_IRQHandler
                0x0000000008000560                WWDG_IRQHandler
                0x0000000008000560                LPUART1_IRQHandler
                0x0000000008000560                DMA2_Channel6_IRQHandler
                0x0000000008000560                FDCAN1_IT0_IRQHandler
                0x0000000008000560                TIM2_IRQHandler
                0x0000000008000560                COMP1_2_3_IRQHandler
                0x0000000008000560                EXTI1_IRQHandler
                0x0000000008000560                I2C2_ER_IRQHandler
                0x0000000008000560                DMA1_Channel2_IRQHandler
                0x0000000008000560                TIM8_BRK_IRQHandler
                0x0000000008000560                FLASH_IRQHandler
                0x0000000008000560                BusFault_Handler
                0x0000000008000560                USART1_IRQHandler
                0x0000000008000560                SPI3_IRQHandler
                0x0000000008000560                I2C1_ER_IRQHandler
                0x0000000008000560                LPTIM1_IRQHandler
                0x0000000008000560                DMAMUX_OVR_IRQHandler
                0x0000000008000560                USBWakeUp_IRQHandler
                0x0000000008000560                SAI1_IRQHandler
                0x0000000008000560                DMA2_Channel3_IRQHandler
                0x0000000008000560                COMP4_IRQHandler
 *fill*         0x0000000008000562        0x2 
 .text.ASPEP_start
                0x0000000008000564       0x24 Application/User/aspep.o
                0x0000000008000564                ASPEP_start
 .text.ASPEP_sendBeacon
                0x0000000008000588       0x84 Application/User/aspep.o
                0x0000000008000588                ASPEP_sendBeacon
 .text.ASPEP_sendPing
                0x000000000800060c       0x8c Application/User/aspep.o
                0x000000000800060c                ASPEP_sendPing
 .text.ASPEP_getBuffer
                0x0000000008000698       0x6c Application/User/aspep.o
                0x0000000008000698                ASPEP_getBuffer
 .text.ASPEP_sendPacket
                0x0000000008000704      0x11c Application/User/aspep.o
                0x0000000008000704                ASPEP_sendPacket
 .text.ASPEP_HWDataTransmittedIT
                0x0000000008000820       0xa0 Application/User/aspep.o
                0x0000000008000820                ASPEP_HWDataTransmittedIT
 .text.ASPEP_RXframeProcess
                0x00000000080008c0      0x238 Application/User/aspep.o
                0x00000000080008c0                ASPEP_RXframeProcess
 .text.ASPEP_HWDataReceivedIT
                0x0000000008000af8       0xa0 Application/User/aspep.o
                0x0000000008000af8                ASPEP_HWDataReceivedIT
 .text.ASPEP_HWDMAReset
                0x0000000008000b98       0x14 Application/User/aspep.o
                0x0000000008000b98                ASPEP_HWDMAReset
 .text.SystemClock_Config
                0x0000000008000bac       0x98 Application/User/main.o
                0x0000000008000bac                SystemClock_Config
 *fill*         0x0000000008000c44        0x4 
 .text.startup.main
                0x0000000008000c48      0x74c Application/User/main.o
                0x0000000008000c48                main
 .text.Error_Handler
                0x0000000008001394        0x4 Application/User/main.o
                0x0000000008001394                Error_Handler
 .text.MC_StartMotor1
                0x0000000008001398        0xc Application/User/mc_api.o
                0x0000000008001398                MC_StartMotor1
 .text.MC_StopMotor1
                0x00000000080013a4        0xc Application/User/mc_api.o
                0x00000000080013a4                MC_StopMotor1
 .text.MC_GetSTMStateMotor1
                0x00000000080013b0        0xc Application/User/mc_api.o
                0x00000000080013b0                MC_GetSTMStateMotor1
 .text.MCI_Init
                0x00000000080013bc       0x1c Application/User/mc_interface.o
                0x00000000080013bc                MCI_Init
 .text.MCI_ExecSpeedRamp
                0x00000000080013d8       0x18 Application/User/mc_interface.o
                0x00000000080013d8                MCI_ExecSpeedRamp
 .text.MCI_ExecTorqueRamp
                0x00000000080013f0       0x14 Application/User/mc_interface.o
                0x00000000080013f0                MCI_ExecTorqueRamp
 .text.MCI_SetCurrentReferences
                0x0000000008001404       0x14 Application/User/mc_interface.o
                0x0000000008001404                MCI_SetCurrentReferences
 .text.MCI_StartMotor
                0x0000000008001418       0x14 Application/User/mc_interface.o
                0x0000000008001418                MCI_StartMotor
 .text.MCI_StopMotor
                0x000000000800142c        0x8 Application/User/mc_interface.o
                0x000000000800142c                MCI_StopMotor
 .text.MCI_FaultAcknowledged
                0x0000000008001434        0x8 Application/User/mc_interface.o
                0x0000000008001434                MCI_FaultAcknowledged
 .text.MCI_EncoderAlign
                0x000000000800143c        0x8 Application/User/mc_interface.o
                0x000000000800143c                MCI_EncoderAlign
 .text.MCI_ExecBufferedCommands
                0x0000000008001444       0x78 Application/User/mc_interface.o
                0x0000000008001444                MCI_ExecBufferedCommands
 .text.MCI_GetSTMState
                0x00000000080014bc        0x8 Application/User/mc_interface.o
                0x00000000080014bc                MCI_GetSTMState
 .text.MCI_GetControlMode
                0x00000000080014c4        0x4 Application/User/mc_interface.o
                0x00000000080014c4                MCI_GetControlMode
 .text.MCI_GetLastRampFinalSpeed
                0x00000000080014c8        0x8 Application/User/mc_interface.o
                0x00000000080014c8                MCI_GetLastRampFinalSpeed
 .text.MCI_GetLastRampFinalTorque
                0x00000000080014d0        0x8 Application/User/mc_interface.o
                0x00000000080014d0                MCI_GetLastRampFinalTorque
 .text.MCI_GetLastRampFinalDuration
                0x00000000080014d8        0x4 Application/User/mc_interface.o
                0x00000000080014d8                MCI_GetLastRampFinalDuration
 .text.MCI_StopRamp
                0x00000000080014dc        0x8 Application/User/mc_interface.o
                0x00000000080014dc                MCI_StopRamp
 .text.MCI_GetAvrgMecSpeedUnit
                0x00000000080014e4       0x10 Application/User/mc_interface.o
                0x00000000080014e4                MCI_GetAvrgMecSpeedUnit
 .text.MCI_GetMecSpeedRefUnit
                0x00000000080014f4        0x8 Application/User/mc_interface.o
                0x00000000080014f4                MCI_GetMecSpeedRefUnit
 .text.MCI_GetIab
                0x00000000080014fc       0x1c Application/User/mc_interface.o
                0x00000000080014fc                MCI_GetIab
 .text.MCI_GetIalphabeta
                0x0000000008001518       0x1c Application/User/mc_interface.o
                0x0000000008001518                MCI_GetIalphabeta
 .text.MCI_GetIqd
                0x0000000008001534       0x1c Application/User/mc_interface.o
                0x0000000008001534                MCI_GetIqd
 .text.MCI_GetIqdref
                0x0000000008001550       0x1c Application/User/mc_interface.o
                0x0000000008001550                MCI_GetIqdref
 .text.MCI_GetVqd
                0x000000000800156c       0x1c Application/User/mc_interface.o
                0x000000000800156c                MCI_GetVqd
 .text.MCI_GetValphabeta
                0x0000000008001588       0x1c Application/User/mc_interface.o
                0x0000000008001588                MCI_GetValphabeta
 .text.MCI_GetTeref
                0x00000000080015a4        0x8 Application/User/mc_interface.o
                0x00000000080015a4                MCI_GetTeref
 .text.MCI_Clear_Iqdref
                0x00000000080015ac       0x14 Application/User/mc_interface.o
                0x00000000080015ac                MCI_Clear_Iqdref
 .text.MCM_Clarke
                0x00000000080015c0       0x54 Application/User/mc_math.o
                0x00000000080015c0                MCM_Clarke
 .text.MCM_Trig_Functions
                0x0000000008001614       0x2c Application/User/mc_math.o
                0x0000000008001614                MCM_Trig_Functions
 .text.MCM_Park
                0x0000000008001640       0x84 Application/User/mc_math.o
                0x0000000008001640                MCM_Park
 .text.MCM_Rev_Park
                0x00000000080016c4       0x40 Application/User/mc_math.o
                0x00000000080016c4                MCM_Rev_Park
 .text.MCM_Sqrt
                0x0000000008001704       0x20 Application/User/mc_math.o
                0x0000000008001704                MCM_Sqrt
 .text.FOC_Clear
                0x0000000008001724       0x88 Application/User/mc_tasks.o
                0x0000000008001724                FOC_Clear
 .text.MCboot   0x00000000080017ac      0x124 Application/User/mc_tasks.o
                0x00000000080017ac                MCboot
 .text.FOC_InitAdditionalMethods
                0x00000000080018d0        0x4 Application/User/mc_tasks.o
                0x00000000080018d0                FOC_InitAdditionalMethods
 .text.FOC_CalcCurrRef
                0x00000000080018d4       0x2c Application/User/mc_tasks.o
                0x00000000080018d4                FOC_CalcCurrRef
 .text.TSK_SetChargeBootCapDelayM1
                0x0000000008001900        0xc Application/User/mc_tasks.o
                0x0000000008001900                TSK_SetChargeBootCapDelayM1
 .text.TSK_ChargeBootCapDelayHasElapsedM1
                0x000000000800190c       0x14 Application/User/mc_tasks.o
                0x000000000800190c                TSK_ChargeBootCapDelayHasElapsedM1
 .text.TSK_SetStopPermanencyTimeM1
                0x0000000008001920        0xc Application/User/mc_tasks.o
                0x0000000008001920                TSK_SetStopPermanencyTimeM1
 .text.TSK_StopPermanencyTimeHasElapsedM1
                0x000000000800192c       0x14 Application/User/mc_tasks.o
                0x000000000800192c                TSK_StopPermanencyTimeHasElapsedM1
 .text.TSK_MediumFrequencyTaskM1
                0x0000000008001940      0x154 Application/User/mc_tasks.o
                0x0000000008001940                TSK_MediumFrequencyTaskM1
 .text.MC_Scheduler
                0x0000000008001a94       0x90 Application/User/mc_tasks.o
                0x0000000008001a94                MC_Scheduler
 .text.TSK_HighFrequencyTask
                0x0000000008001b24      0x110 Application/User/mc_tasks.o
                0x0000000008001b24                TSK_HighFrequencyTask
 .text.TSK_SafetyTask_PWMOFF
                0x0000000008001c34       0x94 Application/User/mc_tasks.o
                0x0000000008001c34                TSK_SafetyTask_PWMOFF
 .text.TSK_SafetyTask
                0x0000000008001cc8       0x20 Application/User/mc_tasks.o
                0x0000000008001cc8                TSK_SafetyTask
 .text.MC_RunMotorControlTasks
                0x0000000008001ce8       0x18 Application/User/mc_tasks.o
                0x0000000008001ce8                MC_RunMotorControlTasks
 .text.TSK_HardwareFaultTask
                0x0000000008001d00       0x20 Application/User/mc_tasks.o
                0x0000000008001d00                TSK_HardwareFaultTask
 .text.UI_HandleStartStopButton_cb
                0x0000000008001d20       0x18 Application/User/mc_tasks.o
                0x0000000008001d20                UI_HandleStartStopButton_cb
 .text.mc_lock_pins
                0x0000000008001d38      0x188 Application/User/mc_tasks.o
                0x0000000008001d38                mc_lock_pins
 .text.MX_MotorControl_Init
                0x0000000008001ec0       0x28 Application/User/motorcontrol.o
                0x0000000008001ec0                MX_MotorControl_Init
 .text.PWMC_GetPhaseCurrents
                0x0000000008001ee8        0x4 Application/User/pwm_curr_fdbk.o
                0x0000000008001ee8                PWMC_GetPhaseCurrents
 .text.PWMC_SetPhaseVoltage
                0x0000000008001eec      0x268 Application/User/pwm_curr_fdbk.o
                0x0000000008001eec                PWMC_SetPhaseVoltage
 .text.PWMC_SwitchOffPWM
                0x0000000008002154        0x4 Application/User/pwm_curr_fdbk.o
                0x0000000008002154                PWMC_SwitchOffPWM
 .text.PWMC_CurrentReadingCalibr
                0x0000000008002158       0x54 Application/User/pwm_curr_fdbk.o
                0x0000000008002158                PWMC_CurrentReadingCalibr
 .text.PWMC_CheckOverCurrent
                0x00000000080021ac        0x4 Application/User/pwm_curr_fdbk.o
                0x00000000080021ac                PWMC_CheckOverCurrent
 .text.RI_SetRegCommandParser
                0x00000000080021b0      0x5d0 Application/User/register_interface.o
                0x00000000080021b0                RI_SetRegCommandParser
 .text.RI_GetRegCommandParser
                0x0000000008002780      0x6a4 Application/User/register_interface.o
                0x0000000008002780                RI_GetRegCommandParser
 .text.RI_GetIDSize
                0x0000000008002e24       0x18 Application/User/register_interface.o
                0x0000000008002e24                RI_GetIDSize
 .text.RI_GetPtrReg
                0x0000000008002e3c      0x194 Application/User/register_interface.o
                0x0000000008002e3c                RI_GetPtrReg
 .text.RCM_RegisterRegConv
                0x0000000008002fd0      0x1a8 Application/User/regular_conversion_manager.o
                0x0000000008002fd0                RCM_RegisterRegConv
 .text.RCM_ExecRegularConv
                0x0000000008003178      0x184 Application/User/regular_conversion_manager.o
                0x0000000008003178                RCM_ExecRegularConv
 .text.RCM_ExecUserConv
                0x00000000080032fc       0x60 Application/User/regular_conversion_manager.o
                0x00000000080032fc                RCM_ExecUserConv
 .text.RCM_ExecNextConv
                0x000000000800335c       0x94 Application/User/regular_conversion_manager.o
                0x000000000800335c                RCM_ExecNextConv
 .text.RCM_ReadOngoingConv
                0x00000000080033f0       0x4c Application/User/regular_conversion_manager.o
                0x00000000080033f0                RCM_ReadOngoingConv
 .text.HAL_MspInit
                0x000000000800343c       0x40 Application/User/stm32g4xx_hal_msp.o
                0x000000000800343c                HAL_MspInit
 .text.HAL_ADC_MspInit
                0x000000000800347c       0xf8 Application/User/stm32g4xx_hal_msp.o
                0x000000000800347c                HAL_ADC_MspInit
 .text.HAL_COMP_MspInit
                0x0000000008003574       0xc0 Application/User/stm32g4xx_hal_msp.o
                0x0000000008003574                HAL_COMP_MspInit
 .text.HAL_CORDIC_MspInit
                0x0000000008003634       0x30 Application/User/stm32g4xx_hal_msp.o
                0x0000000008003634                HAL_CORDIC_MspInit
 .text.HAL_DAC_MspInit
                0x0000000008003664       0x30 Application/User/stm32g4xx_hal_msp.o
                0x0000000008003664                HAL_DAC_MspInit
 .text.HAL_OPAMP_MspInit
                0x0000000008003694       0xc0 Application/User/stm32g4xx_hal_msp.o
                0x0000000008003694                HAL_OPAMP_MspInit
 .text.HAL_TIM_Base_MspInit
                0x0000000008003754       0x98 Application/User/stm32g4xx_hal_msp.o
                0x0000000008003754                HAL_TIM_Base_MspInit
 .text.HAL_TIM_MspPostInit
                0x00000000080037ec       0xbc Application/User/stm32g4xx_hal_msp.o
                0x00000000080037ec                HAL_TIM_MspPostInit
 .text.HAL_UART_MspInit
                0x00000000080038a8      0x130 Application/User/stm32g4xx_hal_msp.o
                0x00000000080038a8                HAL_UART_MspInit
 .text.ADC1_2_IRQHandler
                0x00000000080039d8        0xc Application/User/stm32g4xx_mc_it.o
                0x00000000080039d8                ADC1_2_IRQHandler
 .text.TIM1_UP_TIM16_IRQHandler
                0x00000000080039e4       0x18 Application/User/stm32g4xx_mc_it.o
                0x00000000080039e4                TIM1_UP_TIM16_IRQHandler
 .text.TIM1_BRK_TIM15_IRQHandler
                0x00000000080039fc       0x3c Application/User/stm32g4xx_mc_it.o
                0x00000000080039fc                TIM1_BRK_TIM15_IRQHandler
 .text.TIM4_IRQHandler
                0x0000000008003a38       0x38 Application/User/stm32g4xx_mc_it.o
                0x0000000008003a38                TIM4_IRQHandler
 .text.DMA2_Channel2_IRQHandler
                0x0000000008003a70       0x1c Application/User/stm32g4xx_mc_it.o
                0x0000000008003a70                DMA2_Channel2_IRQHandler
 .text.USART2_IRQHandler
                0x0000000008003a8c       0xa4 Application/User/stm32g4xx_mc_it.o
                0x0000000008003a8c                USART2_IRQHandler
 .text.HardFault_Handler
                0x0000000008003b30        0x8 Application/User/stm32g4xx_mc_it.o
                0x0000000008003b30                HardFault_Handler
 .text.SysTick_Handler
                0x0000000008003b38       0x30 Application/User/stm32g4xx_mc_it.o
                0x0000000008003b38                SysTick_Handler
 .text.EXTI15_10_IRQHandler
                0x0000000008003b68       0x18 Application/User/stm32g4xx_mc_it.o
                0x0000000008003b68                EXTI15_10_IRQHandler
 .text.UASPEP_INIT
                0x0000000008003b80       0x5c Application/User/usart_aspep_driver.o
                0x0000000008003b80                UASPEP_INIT
 .text.UASPEP_SEND_PACKET
                0x0000000008003bdc       0x38 Application/User/usart_aspep_driver.o
                0x0000000008003bdc                UASPEP_SEND_PACKET
 .text.UASPEP_RECEIVE_BUFFER
                0x0000000008003c14       0x30 Application/User/usart_aspep_driver.o
                0x0000000008003c14                UASPEP_RECEIVE_BUFFER
 .text.UASPEP_IDLE_ENABLE
                0x0000000008003c44       0x10 Application/User/usart_aspep_driver.o
                0x0000000008003c44                UASPEP_IDLE_ENABLE
 .text.SystemInit
                0x0000000008003c54       0x14 Drivers/CMSIS/system_stm32g4xx.o
                0x0000000008003c54                SystemInit
 .text.HAL_InitTick
                0x0000000008003c68       0x4c Drivers/STM32G4xx_HAL_Driver/stm32g4xx_hal.o
                0x0000000008003c68                HAL_InitTick
 .text.HAL_Init
                0x0000000008003cb4       0x20 Drivers/STM32G4xx_HAL_Driver/stm32g4xx_hal.o
                0x0000000008003cb4                HAL_Init
 .text.HAL_IncTick
                0x0000000008003cd4       0x18 Drivers/STM32G4xx_HAL_Driver/stm32g4xx_hal.o
                0x0000000008003cd4                HAL_IncTick
 .text.HAL_GetTick
                0x0000000008003cec        0xc Drivers/STM32G4xx_HAL_Driver/stm32g4xx_hal.o
                0x0000000008003cec                HAL_GetTick
 .text.HAL_Delay
                0x0000000008003cf8       0x24 Drivers/STM32G4xx_HAL_Driver/stm32g4xx_hal.o
                0x0000000008003cf8                HAL_Delay
 .text.HAL_ADC_Init
                0x0000000008003d1c      0x20c Drivers/STM32G4xx_HAL_Driver/stm32g4xx_hal_adc.o
                0x0000000008003d1c                HAL_ADC_Init
 .text.HAL_ADC_ConfigChannel
                0x0000000008003f28      0x4d4 Drivers/STM32G4xx_HAL_Driver/stm32g4xx_hal_adc.o
                0x0000000008003f28                HAL_ADC_ConfigChannel
 .text.HAL_ADCEx_InjectedConfigChannel
                0x00000000080043fc      0x608 Drivers/STM32G4xx_HAL_Driver/stm32g4xx_hal_adc_ex.o
                0x00000000080043fc                HAL_ADCEx_InjectedConfigChannel
 .text.HAL_ADCEx_MultiModeConfigChannel
                0x0000000008004a04       0xcc Drivers/STM32G4xx_HAL_Driver/stm32g4xx_hal_adc_ex.o
                0x0000000008004a04                HAL_ADCEx_MultiModeConfigChannel
 .text.HAL_COMP_Init
                0x0000000008004ad0      0x148 Drivers/STM32G4xx_HAL_Driver/stm32g4xx_hal_comp.o
                0x0000000008004ad0                HAL_COMP_Init
 .text.HAL_CORDIC_Init
                0x0000000008004c18       0x34 Drivers/STM32G4xx_HAL_Driver/stm32g4xx_hal_cordic.o
                0x0000000008004c18                HAL_CORDIC_Init
 .text.HAL_NVIC_SetPriorityGrouping
                0x0000000008004c4c       0x28 Drivers/STM32G4xx_HAL_Driver/stm32g4xx_hal_cortex.o
                0x0000000008004c4c                HAL_NVIC_SetPriorityGrouping
 .text.HAL_NVIC_SetPriority
                0x0000000008004c74       0x70 Drivers/STM32G4xx_HAL_Driver/stm32g4xx_hal_cortex.o
                0x0000000008004c74                HAL_NVIC_SetPriority
 .text.HAL_NVIC_EnableIRQ
                0x0000000008004ce4       0x1c Drivers/STM32G4xx_HAL_Driver/stm32g4xx_hal_cortex.o
                0x0000000008004ce4                HAL_NVIC_EnableIRQ
 .text.HAL_SYSTICK_Config
                0x0000000008004d00       0x34 Drivers/STM32G4xx_HAL_Driver/stm32g4xx_hal_cortex.o
                0x0000000008004d00                HAL_SYSTICK_Config
 .text.HAL_SYSTICK_Callback
                0x0000000008004d34        0x4 Drivers/STM32G4xx_HAL_Driver/stm32g4xx_hal_cortex.o
                0x0000000008004d34                HAL_SYSTICK_Callback
 .text.HAL_SYSTICK_IRQHandler
                0x0000000008004d38        0x8 Drivers/STM32G4xx_HAL_Driver/stm32g4xx_hal_cortex.o
                0x0000000008004d38                HAL_SYSTICK_IRQHandler
 .text.HAL_DAC_Init
                0x0000000008004d40       0x2c Drivers/STM32G4xx_HAL_Driver/stm32g4xx_hal_dac.o
                0x0000000008004d40                HAL_DAC_Init
 .text.HAL_DAC_ConfigChannel
                0x0000000008004d6c      0x1c4 Drivers/STM32G4xx_HAL_Driver/stm32g4xx_hal_dac.o
                0x0000000008004d6c                HAL_DAC_ConfigChannel
 .text.HAL_DMA_Init
                0x0000000008004f30      0x130 Drivers/STM32G4xx_HAL_Driver/stm32g4xx_hal_dma.o
                0x0000000008004f30                HAL_DMA_Init
 .text.HAL_GPIO_Init
                0x0000000008005060      0x1e8 Drivers/STM32G4xx_HAL_Driver/stm32g4xx_hal_gpio.o
                0x0000000008005060                HAL_GPIO_Init
 .text.HAL_OPAMP_Init
                0x0000000008005248      0x10c Drivers/STM32G4xx_HAL_Driver/stm32g4xx_hal_opamp.o
                0x0000000008005248                HAL_OPAMP_Init
 .text.HAL_PWREx_ControlVoltageScaling
                0x0000000008005354       0xfc Drivers/STM32G4xx_HAL_Driver/stm32g4xx_hal_pwr_ex.o
                0x0000000008005354                HAL_PWREx_ControlVoltageScaling
 .text.HAL_PWREx_DisableUCPDDeadBattery
                0x0000000008005450       0x10 Drivers/STM32G4xx_HAL_Driver/stm32g4xx_hal_pwr_ex.o
                0x0000000008005450                HAL_PWREx_DisableUCPDDeadBattery
 .text.HAL_RCC_OscConfig
                0x0000000008005460      0x498 Drivers/STM32G4xx_HAL_Driver/stm32g4xx_hal_rcc.o
                0x0000000008005460                HAL_RCC_OscConfig
 .text.HAL_RCC_GetSysClockFreq
                0x00000000080058f8       0x70 Drivers/STM32G4xx_HAL_Driver/stm32g4xx_hal_rcc.o
                0x00000000080058f8                HAL_RCC_GetSysClockFreq
 .text.HAL_RCC_ClockConfig
                0x0000000008005968      0x224 Drivers/STM32G4xx_HAL_Driver/stm32g4xx_hal_rcc.o
                0x0000000008005968                HAL_RCC_ClockConfig
 .text.HAL_RCC_GetHCLKFreq
                0x0000000008005b8c        0xc Drivers/STM32G4xx_HAL_Driver/stm32g4xx_hal_rcc.o
                0x0000000008005b8c                HAL_RCC_GetHCLKFreq
 .text.HAL_RCC_GetPCLK1Freq
                0x0000000008005b98       0x24 Drivers/STM32G4xx_HAL_Driver/stm32g4xx_hal_rcc.o
                0x0000000008005b98                HAL_RCC_GetPCLK1Freq
 .text.HAL_RCC_GetPCLK2Freq
                0x0000000008005bbc       0x24 Drivers/STM32G4xx_HAL_Driver/stm32g4xx_hal_rcc.o
                0x0000000008005bbc                HAL_RCC_GetPCLK2Freq
 .text.HAL_RCCEx_PeriphCLKConfig
                0x0000000008005be0      0x298 Drivers/STM32G4xx_HAL_Driver/stm32g4xx_hal_rcc_ex.o
                0x0000000008005be0                HAL_RCCEx_PeriphCLKConfig
 .text.TIM_OC1_SetConfig
                0x0000000008005e78       0x7c Drivers/STM32G4xx_HAL_Driver/stm32g4xx_hal_tim.o
 .text.TIM_OC3_SetConfig
                0x0000000008005ef4       0x80 Drivers/STM32G4xx_HAL_Driver/stm32g4xx_hal_tim.o
 .text.TIM_OC4_SetConfig
                0x0000000008005f74       0x80 Drivers/STM32G4xx_HAL_Driver/stm32g4xx_hal_tim.o
 .text.HAL_TIM_Base_Init
                0x0000000008005ff4      0x108 Drivers/STM32G4xx_HAL_Driver/stm32g4xx_hal_tim.o
                0x0000000008005ff4                HAL_TIM_Base_Init
 .text.HAL_TIM_PWM_MspInit
                0x00000000080060fc        0x4 Drivers/STM32G4xx_HAL_Driver/stm32g4xx_hal_tim.o
                0x00000000080060fc                HAL_TIM_PWM_MspInit
 .text.HAL_TIM_PWM_Init
                0x0000000008006100      0x108 Drivers/STM32G4xx_HAL_Driver/stm32g4xx_hal_tim.o
                0x0000000008006100                HAL_TIM_PWM_Init
 .text.HAL_TIM_ConfigClockSource
                0x0000000008006208      0x18c Drivers/STM32G4xx_HAL_Driver/stm32g4xx_hal_tim.o
                0x0000000008006208                HAL_TIM_ConfigClockSource
 .text.HAL_TIM_SlaveConfigSynchro
                0x0000000008006394      0x104 Drivers/STM32G4xx_HAL_Driver/stm32g4xx_hal_tim.o
                0x0000000008006394                HAL_TIM_SlaveConfigSynchro
 .text.TIM_Base_SetConfig
                0x0000000008006498       0xac Drivers/STM32G4xx_HAL_Driver/stm32g4xx_hal_tim.o
                0x0000000008006498                TIM_Base_SetConfig
 .text.TIM_OC2_SetConfig
                0x0000000008006544       0x80 Drivers/STM32G4xx_HAL_Driver/stm32g4xx_hal_tim.o
                0x0000000008006544                TIM_OC2_SetConfig
 .text.HAL_TIM_PWM_ConfigChannel
                0x00000000080065c4      0x1f4 Drivers/STM32G4xx_HAL_Driver/stm32g4xx_hal_tim.o
                0x00000000080065c4                HAL_TIM_PWM_ConfigChannel
 .text.TIM_TI1_SetConfig
                0x00000000080067b8       0x68 Drivers/STM32G4xx_HAL_Driver/stm32g4xx_hal_tim.o
                0x00000000080067b8                TIM_TI1_SetConfig
 .text.HAL_TIMEx_HallSensor_MspInit
                0x0000000008006820        0x4 Drivers/STM32G4xx_HAL_Driver/stm32g4xx_hal_tim_ex.o
                0x0000000008006820                HAL_TIMEx_HallSensor_MspInit
 .text.HAL_TIMEx_HallSensor_Init
                0x0000000008006824       0xd4 Drivers/STM32G4xx_HAL_Driver/stm32g4xx_hal_tim_ex.o
                0x0000000008006824                HAL_TIMEx_HallSensor_Init
 .text.HAL_TIMEx_MasterConfigSynchronization
                0x00000000080068f8       0x90 Drivers/STM32G4xx_HAL_Driver/stm32g4xx_hal_tim_ex.o
                0x00000000080068f8                HAL_TIMEx_MasterConfigSynchronization
 .text.HAL_TIMEx_ConfigBreakDeadTime
                0x0000000008006988       0x9c Drivers/STM32G4xx_HAL_Driver/stm32g4xx_hal_tim_ex.o
                0x0000000008006988                HAL_TIMEx_ConfigBreakDeadTime
 .text.HAL_TIMEx_ConfigBreakInput
                0x0000000008006a24       0xb0 Drivers/STM32G4xx_HAL_Driver/stm32g4xx_hal_tim_ex.o
                0x0000000008006a24                HAL_TIMEx_ConfigBreakInput
 .text.UART_AdvFeatureConfig
                0x0000000008006ad4       0xb0 Drivers/STM32G4xx_HAL_Driver/stm32g4xx_hal_uart.o
                0x0000000008006ad4                UART_AdvFeatureConfig
 .text.UART_CheckIdleState
                0x0000000008006b84       0xc8 Drivers/STM32G4xx_HAL_Driver/stm32g4xx_hal_uart.o
                0x0000000008006b84                UART_CheckIdleState
 .text.HAL_UART_Init
                0x0000000008006c4c      0x370 Drivers/STM32G4xx_HAL_Driver/stm32g4xx_hal_uart.o
                0x0000000008006c4c                HAL_UART_Init
 .text.UART_WaitOnFlagUntilTimeout
                0x0000000008006fbc       0xb4 Drivers/STM32G4xx_HAL_Driver/stm32g4xx_hal_uart.o
                0x0000000008006fbc                UART_WaitOnFlagUntilTimeout
 .text.HAL_UART_Transmit
                0x0000000008007070      0x14c Drivers/STM32G4xx_HAL_Driver/stm32g4xx_hal_uart.o
                0x0000000008007070                HAL_UART_Transmit
 .text.HAL_UARTEx_DisableFifoMode
                0x00000000080071bc       0x3c Drivers/STM32G4xx_HAL_Driver/stm32g4xx_hal_uart_ex.o
                0x00000000080071bc                HAL_UARTEx_DisableFifoMode
 .text.HAL_UARTEx_SetTxFifoThreshold
                0x00000000080071f8       0x7c Drivers/STM32G4xx_HAL_Driver/stm32g4xx_hal_uart_ex.o
                0x00000000080071f8                HAL_UARTEx_SetTxFifoThreshold
 .text.HAL_UARTEx_SetRxFifoThreshold
                0x0000000008007274       0x7c Drivers/STM32G4xx_HAL_Driver/stm32g4xx_hal_uart_ex.o
                0x0000000008007274                HAL_UARTEx_SetRxFifoThreshold
 .text.VBS_GetAvBusVoltage_V
                0x00000000080072f0        0xc Middlewares/MotorControl/bus_voltage_sensor.o
                0x00000000080072f0                VBS_GetAvBusVoltage_V
 .text.Circle_Limitation
                0x00000000080072fc       0x60 Middlewares/MotorControl/circle_limitation.o
                0x00000000080072fc                Circle_Limitation
 .text.HALL_Init
                0x000000000800735c      0x104 Middlewares/MotorControl/hall_speed_pos_fdbk.o
                0x000000000800735c                HALL_Init
 .text.HALL_Clear
                0x0000000008007460      0x14c Middlewares/MotorControl/hall_speed_pos_fdbk.o
                0x0000000008007460                HALL_Clear
 .text.HALL_CalcElAngle
                0x00000000080075ac       0x44 Middlewares/MotorControl/hall_speed_pos_fdbk.o
                0x00000000080075ac                HALL_CalcElAngle
 .text.HALL_CalcAvrgMecSpeedUnit
                0x00000000080075f0       0x94 Middlewares/MotorControl/hall_speed_pos_fdbk.o
                0x00000000080075f0                HALL_CalcAvrgMecSpeedUnit
 .text.HALL_TIMx_CC_IRQHandler
                0x0000000008007684      0x348 Middlewares/MotorControl/hall_speed_pos_fdbk.o
                0x0000000008007684                HALL_TIMx_CC_IRQHandler
 .text.HALL_TIMx_UP_IRQHandler
                0x00000000080079cc      0x16c Middlewares/MotorControl/hall_speed_pos_fdbk.o
                0x00000000080079cc                HALL_TIMx_UP_IRQHandler
 .text.MCP_ReceivedPacket
                0x0000000008007b38       0xf8 Middlewares/MotorControl/mcp.o
                0x0000000008007b38                MCP_ReceivedPacket
 .text.MCPA_dataLog
                0x0000000008007c30      0x244 Middlewares/MotorControl/mcpa.o
                0x0000000008007c30                MCPA_dataLog
 .text.MCPA_cfgLog
                0x0000000008007e74       0xe4 Middlewares/MotorControl/mcpa.o
                0x0000000008007e74                MCPA_cfgLog
 .text.MPM_Clear
                0x0000000008007f58       0x18 Middlewares/MotorControl/motor_power_measurement.o
                0x0000000008007f58                MPM_Clear
 .text.MPM_CalcElMotorPower
                0x0000000008007f70       0x44 Middlewares/MotorControl/motor_power_measurement.o
                0x0000000008007f70                MPM_CalcElMotorPower
 .text.MPM_GetAvrgElMotorPowerW
                0x0000000008007fb4        0x8 Middlewares/MotorControl/motor_power_measurement.o
                0x0000000008007fb4                MPM_GetAvrgElMotorPowerW
 .text.NTC_SetFaultState
                0x0000000008007fbc       0x1c Middlewares/MotorControl/ntc_temperature_sensor.o
                0x0000000008007fbc                NTC_SetFaultState
 .text.NTC_Clear
                0x0000000008007fd8        0x8 Middlewares/MotorControl/ntc_temperature_sensor.o
                0x0000000008007fd8                NTC_Clear
 .text.NTC_Init
                0x0000000008007fe0       0x24 Middlewares/MotorControl/ntc_temperature_sensor.o
                0x0000000008007fe0                NTC_Init
 .text.NTC_CalcAvTemp
                0x0000000008008004       0x38 Middlewares/MotorControl/ntc_temperature_sensor.o
                0x0000000008008004                NTC_CalcAvTemp
 .text.NTC_GetAvTemp_C
                0x000000000800803c       0x2c Middlewares/MotorControl/ntc_temperature_sensor.o
                0x000000000800803c                NTC_GetAvTemp_C
 .text.PID_HandleInit
                0x0000000008008068       0x10 Middlewares/MotorControl/pid_regulator.o
                0x0000000008008068                PID_HandleInit
 .text.PID_SetKP
                0x0000000008008078        0x4 Middlewares/MotorControl/pid_regulator.o
                0x0000000008008078                PID_SetKP
 .text.PID_SetKI
                0x000000000800807c        0x4 Middlewares/MotorControl/pid_regulator.o
                0x000000000800807c                PID_SetKI
 .text.PID_GetKP
                0x0000000008008080        0x8 Middlewares/MotorControl/pid_regulator.o
                0x0000000008008080                PID_GetKP
 .text.PID_GetKI
                0x0000000008008088        0x8 Middlewares/MotorControl/pid_regulator.o
                0x0000000008008088                PID_GetKI
 .text.PID_SetIntegralTerm
                0x0000000008008090        0x4 Middlewares/MotorControl/pid_regulator.o
                0x0000000008008090                PID_SetIntegralTerm
 .text.PID_GetKPDivisor
                0x0000000008008094        0x4 Middlewares/MotorControl/pid_regulator.o
                0x0000000008008094                PID_GetKPDivisor
 .text.PID_SetKPDivisorPOW2
                0x0000000008008098        0xc Middlewares/MotorControl/pid_regulator.o
                0x0000000008008098                PID_SetKPDivisorPOW2
 .text.PID_GetKIDivisor
                0x00000000080080a4        0x4 Middlewares/MotorControl/pid_regulator.o
                0x00000000080080a4                PID_GetKIDivisor
 .text.PID_SetLowerIntegralTermLimit
                0x00000000080080a8        0x4 Middlewares/MotorControl/pid_regulator.o
                0x00000000080080a8                PID_SetLowerIntegralTermLimit
 .text.PID_SetUpperIntegralTermLimit
                0x00000000080080ac        0x4 Middlewares/MotorControl/pid_regulator.o
                0x00000000080080ac                PID_SetUpperIntegralTermLimit
 .text.PID_SetKIDivisorPOW2
                0x00000000080080b0       0x28 Middlewares/MotorControl/pid_regulator.o
                0x00000000080080b0                PID_SetKIDivisorPOW2
 .text.PID_SetKD
                0x00000000080080d8        0x4 Middlewares/MotorControl/pid_regulator.o
                0x00000000080080d8                PID_SetKD
 .text.PID_GetKD
                0x00000000080080dc        0x8 Middlewares/MotorControl/pid_regulator.o
                0x00000000080080dc                PID_GetKD
 .text.PID_GetKDDivisor
                0x00000000080080e4        0x4 Middlewares/MotorControl/pid_regulator.o
                0x00000000080080e4                PID_GetKDDivisor
 .text.PID_SetKDDivisorPOW2
                0x00000000080080e8        0xc Middlewares/MotorControl/pid_regulator.o
                0x00000000080080e8                PID_SetKDDivisorPOW2
 .text.PI_Controller
                0x00000000080080f4       0x8c Middlewares/MotorControl/pid_regulator.o
                0x00000000080080f4                PI_Controller
 .text.PQD_CalcElMotorPower
                0x0000000008008180       0x68 Middlewares/MotorControl/pqd_motor_power_measurement.o
                0x0000000008008180                PQD_CalcElMotorPower
 .text.startTimers
                0x00000000080081e8       0x70 Middlewares/MotorControl/pwm_common.o
                0x00000000080081e8                startTimers
 .text.waitForPolarizationEnd
                0x0000000008008258       0x38 Middlewares/MotorControl/pwm_common.o
                0x0000000008008258                waitForPolarizationEnd
 .text.R3_2_ADCxInit
                0x0000000008008290       0xb4 Middlewares/MotorControl/r3_2_g4xx_pwm_curr_fdbk.o
 .text.R3_2_GetPhaseCurrents
                0x0000000008008344      0x170 Middlewares/MotorControl/r3_2_g4xx_pwm_curr_fdbk.o
                0x0000000008008344                R3_2_GetPhaseCurrents
 .text.R3_2_SetADCSampPointPolarization
                0x00000000080084b4       0x3c Middlewares/MotorControl/r3_2_g4xx_pwm_curr_fdbk.o
                0x00000000080084b4                R3_2_SetADCSampPointPolarization
 .text.R3_2_HFCurrentsPolarizationAB
                0x00000000080084f0       0x4c Middlewares/MotorControl/r3_2_g4xx_pwm_curr_fdbk.o
 .text.R3_2_HFCurrentsPolarizationC
                0x000000000800853c       0x44 Middlewares/MotorControl/r3_2_g4xx_pwm_curr_fdbk.o
 .text.R3_2_TurnOnLowSides
                0x0000000008008580       0x50 Middlewares/MotorControl/r3_2_g4xx_pwm_curr_fdbk.o
                0x0000000008008580                R3_2_TurnOnLowSides
 .text.R3_2_SwitchOnPWM
                0x00000000080085d0       0x98 Middlewares/MotorControl/r3_2_g4xx_pwm_curr_fdbk.o
                0x00000000080085d0                R3_2_SwitchOnPWM
 .text.R3_2_SwitchOffPWM
                0x0000000008008668       0x64 Middlewares/MotorControl/r3_2_g4xx_pwm_curr_fdbk.o
                0x0000000008008668                R3_2_SwitchOffPWM
 .text.R3_2_RLGetPhaseCurrents
                0x00000000080086cc       0x58 Middlewares/MotorControl/r3_2_g4xx_pwm_curr_fdbk.o
 .text.R3_2_RLTurnOnLowSides
                0x0000000008008724       0x4c Middlewares/MotorControl/r3_2_g4xx_pwm_curr_fdbk.o
 .text.R3_2_RLSwitchOnPWM
                0x0000000008008770       0xb0 Middlewares/MotorControl/r3_2_g4xx_pwm_curr_fdbk.o
 .text.R3_2_SetAOReferenceVoltage
                0x0000000008008820       0x94 Middlewares/MotorControl/r3_2_g4xx_pwm_curr_fdbk.o
 .text.R3_2_Init
                0x00000000080088b4      0x2a0 Middlewares/MotorControl/r3_2_g4xx_pwm_curr_fdbk.o
                0x00000000080088b4                R3_2_Init
 .text.R3_2_CurrentReadingPolarization
                0x0000000008008b54      0x140 Middlewares/MotorControl/r3_2_g4xx_pwm_curr_fdbk.o
                0x0000000008008b54                R3_2_CurrentReadingPolarization
 .text.R3_2_SetADCSampPointSectX
                0x0000000008008c94       0x7c Middlewares/MotorControl/r3_2_g4xx_pwm_curr_fdbk.o
                0x0000000008008c94                R3_2_SetADCSampPointSectX
 .text.R3_2_TIMx_UP_IRQHandler
                0x0000000008008d10       0x84 Middlewares/MotorControl/r3_2_g4xx_pwm_curr_fdbk.o
                0x0000000008008d10                R3_2_TIMx_UP_IRQHandler
 .text.R3_2_BRK2_IRQHandler
                0x0000000008008d94       0x44 Middlewares/MotorControl/r3_2_g4xx_pwm_curr_fdbk.o
                0x0000000008008d94                R3_2_BRK2_IRQHandler
 .text.R3_2_BRK_IRQHandler
                0x0000000008008dd8       0x20 Middlewares/MotorControl/r3_2_g4xx_pwm_curr_fdbk.o
                0x0000000008008dd8                R3_2_BRK_IRQHandler
 .text.R3_2_IsOverCurrentOccurred
                0x0000000008008df8       0x28 Middlewares/MotorControl/r3_2_g4xx_pwm_curr_fdbk.o
                0x0000000008008df8                R3_2_IsOverCurrentOccurred
 .text.R3_2_RLDetectionModeEnable
                0x0000000008008e20       0xd4 Middlewares/MotorControl/r3_2_g4xx_pwm_curr_fdbk.o
                0x0000000008008e20                R3_2_RLDetectionModeEnable
 .text.R3_2_RLDetectionModeDisable
                0x0000000008008ef4       0xf0 Middlewares/MotorControl/r3_2_g4xx_pwm_curr_fdbk.o
                0x0000000008008ef4                R3_2_RLDetectionModeDisable
 .text.R3_2_RLDetectionModeSetDuty
                0x0000000008008fe4       0x7c Middlewares/MotorControl/r3_2_g4xx_pwm_curr_fdbk.o
                0x0000000008008fe4                R3_2_RLDetectionModeSetDuty
 .text.RVBS_Clear
                0x0000000008009060       0x38 Middlewares/MotorControl/r_divider_bus_voltage_sensor.o
                0x0000000008009060                RVBS_Clear
 .text.RVBS_Init
                0x0000000008009098       0x18 Middlewares/MotorControl/r_divider_bus_voltage_sensor.o
                0x0000000008009098                RVBS_Init
 .text.RVBS_CheckFaultState
                0x00000000080090b0       0x18 Middlewares/MotorControl/r_divider_bus_voltage_sensor.o
                0x00000000080090b0                RVBS_CheckFaultState
 .text.RVBS_CalcAvVbus
                0x00000000080090c8       0x6c Middlewares/MotorControl/r_divider_bus_voltage_sensor.o
                0x00000000080090c8                RVBS_CalcAvVbus
 .text.REMNG_Init
                0x0000000008009134       0x10 Middlewares/MotorControl/ramp_ext_mngr.o
                0x0000000008009134                REMNG_Init
 .text.SPD_GetElAngle
                0x0000000008009144        0x8 Middlewares/MotorControl/speed_pos_fdbk.o
                0x0000000008009144                SPD_GetElAngle
 .text.SPD_GetAvrgMecSpeedUnit
                0x000000000800914c        0x8 Middlewares/MotorControl/speed_pos_fdbk.o
                0x000000000800914c                SPD_GetAvrgMecSpeedUnit
 .text.SPD_GetInstElSpeedDpp
                0x0000000008009154        0x8 Middlewares/MotorControl/speed_pos_fdbk.o
                0x0000000008009154                SPD_GetInstElSpeedDpp
 .text.SPD_IsMecSpeedReliable
                0x000000000800915c       0x58 Middlewares/MotorControl/speed_pos_fdbk.o
                0x000000000800915c                SPD_IsMecSpeedReliable
 .text.SPD_GetS16Speed
                0x00000000080091b4       0x14 Middlewares/MotorControl/speed_pos_fdbk.o
                0x00000000080091b4                SPD_GetS16Speed
 .text.STC_Init
                0x00000000080091c8       0x28 Middlewares/MotorControl/speed_torq_ctrl.o
                0x00000000080091c8                STC_Init
 .text.STC_GetSpeedSensor
                0x00000000080091f0        0x4 Middlewares/MotorControl/speed_torq_ctrl.o
                0x00000000080091f0                STC_GetSpeedSensor
 .text.STC_Clear
                0x00000000080091f4       0x10 Middlewares/MotorControl/speed_torq_ctrl.o
                0x00000000080091f4                STC_Clear
 .text.STC_GetMecSpeedRefUnit
                0x0000000008009204       0x10 Middlewares/MotorControl/speed_torq_ctrl.o
                0x0000000008009204                STC_GetMecSpeedRefUnit
 .text.STC_GetTorqueRef
                0x0000000008009214       0x10 Middlewares/MotorControl/speed_torq_ctrl.o
                0x0000000008009214                STC_GetTorqueRef
 .text.STC_SetControlMode
                0x0000000008009224        0x8 Middlewares/MotorControl/speed_torq_ctrl.o
                0x0000000008009224                STC_SetControlMode
 .text.STC_ExecRamp
                0x000000000800922c       0x90 Middlewares/MotorControl/speed_torq_ctrl.o
                0x000000000800922c                STC_ExecRamp
 .text.STC_StopRamp
                0x00000000080092bc        0x8 Middlewares/MotorControl/speed_torq_ctrl.o
                0x00000000080092bc                STC_StopRamp
 .text.STC_CalcTorqueReference
                0x00000000080092c4       0x64 Middlewares/MotorControl/speed_torq_ctrl.o
                0x00000000080092c4                STC_CalcTorqueReference
 .text.STC_GetMecSpeedRefUnitDefault
                0x0000000008009328        0x8 Middlewares/MotorControl/speed_torq_ctrl.o
                0x0000000008009328                STC_GetMecSpeedRefUnitDefault
 .text.STC_GetDefaultIqdref
                0x0000000008009330       0x1c Middlewares/MotorControl/speed_torq_ctrl.o
                0x0000000008009330                STC_GetDefaultIqdref
 .text.STC_ForceSpeedReferenceToCurrentSpeed
                0x000000000800934c       0x10 Middlewares/MotorControl/speed_torq_ctrl.o
                0x000000000800934c                STC_ForceSpeedReferenceToCurrentSpeed
 .text.STM_Init
                0x000000000800935c        0xc Middlewares/MotorControl/state_machine.o
                0x000000000800935c                STM_Init
 .text.STM_FaultProcessing
                0x0000000008009368       0x3c Middlewares/MotorControl/state_machine.o
                0x0000000008009368                STM_FaultProcessing
 .text.STM_NextState
                0x00000000080093a4       0xe8 Middlewares/MotorControl/state_machine.o
                0x00000000080093a4                STM_NextState
 .text.STM_GetState
                0x000000000800948c        0x4 Middlewares/MotorControl/state_machine.o
                0x000000000800948c                STM_GetState
 .text.STM_FaultAcknowledged
                0x0000000008009490       0x18 Middlewares/MotorControl/state_machine.o
                0x0000000008009490                STM_FaultAcknowledged
 .text.STM_GetFaultState
                0x00000000080094a8        0xc Middlewares/MotorControl/state_machine.o
                0x00000000080094a8                STM_GetFaultState
 .text.__libc_init_array
                0x00000000080094b4       0x48 f:/essencialsoft/ide_stm/stm32cubeide_1.6.1/stm32cubeide/plugins/com.st.stm32cube.ide.mcu.externaltools.gnu-tools-for-stm32.9-2020-q2-update.win32_1.5.0.202011040924/tools/bin/../lib/gcc/arm-none-eabi/9.3.1/../../../../arm-none-eabi/lib/thumb/v7e-m+fp/hard\libc_nano.a(lib_a-init.o)
                0x00000000080094b4                __libc_init_array
 .text.memcpy   0x00000000080094fc       0x1c f:/essencialsoft/ide_stm/stm32cubeide_1.6.1/stm32cubeide/plugins/com.st.stm32cube.ide.mcu.externaltools.gnu-tools-for-stm32.9-2020-q2-update.win32_1.5.0.202011040924/tools/bin/../lib/gcc/arm-none-eabi/9.3.1/../../../../arm-none-eabi/lib/thumb/v7e-m+fp/hard\libc_nano.a(lib_a-memcpy-stub.o)
                0x00000000080094fc                memcpy
 .text.memset   0x0000000008009518       0x10 f:/essencialsoft/ide_stm/stm32cubeide_1.6.1/stm32cubeide/plugins/com.st.stm32cube.ide.mcu.externaltools.gnu-tools-for-stm32.9-2020-q2-update.win32_1.5.0.202011040924/tools/bin/../lib/gcc/arm-none-eabi/9.3.1/../../../../arm-none-eabi/lib/thumb/v7e-m+fp/hard\libc_nano.a(lib_a-memset.o)
                0x0000000008009518                memset
 *(.glue_7)
 .glue_7        0x0000000008009528        0x0 linker stubs
 *(.glue_7t)
 .glue_7t       0x0000000008009528        0x0 linker stubs
 *(.eh_frame)
 .eh_frame      0x0000000008009528        0x0 f:/essencialsoft/ide_stm/stm32cubeide_1.6.1/stm32cubeide/plugins/com.st.stm32cube.ide.mcu.externaltools.gnu-tools-for-stm32.9-2020-q2-update.win32_1.5.0.202011040924/tools/bin/../lib/gcc/arm-none-eabi/9.3.1/thumb/v7e-m+fp/hard/crtbegin.o
 *(.init)
 .init          0x0000000008009528        0x4 f:/essencialsoft/ide_stm/stm32cubeide_1.6.1/stm32cubeide/plugins/com.st.stm32cube.ide.mcu.externaltools.gnu-tools-for-stm32.9-2020-q2-update.win32_1.5.0.202011040924/tools/bin/../lib/gcc/arm-none-eabi/9.3.1/thumb/v7e-m+fp/hard/crti.o
                0x0000000008009528                _init
 .init          0x000000000800952c        0x8 f:/essencialsoft/ide_stm/stm32cubeide_1.6.1/stm32cubeide/plugins/com.st.stm32cube.ide.mcu.externaltools.gnu-tools-for-stm32.9-2020-q2-update.win32_1.5.0.202011040924/tools/bin/../lib/gcc/arm-none-eabi/9.3.1/thumb/v7e-m+fp/hard/crtn.o
 *(.fini)
 .fini          0x0000000008009534        0x4 f:/essencialsoft/ide_stm/stm32cubeide_1.6.1/stm32cubeide/plugins/com.st.stm32cube.ide.mcu.externaltools.gnu-tools-for-stm32.9-2020-q2-update.win32_1.5.0.202011040924/tools/bin/../lib/gcc/arm-none-eabi/9.3.1/thumb/v7e-m+fp/hard/crti.o
                0x0000000008009534                _fini
 .fini          0x0000000008009538        0x8 f:/essencialsoft/ide_stm/stm32cubeide_1.6.1/stm32cubeide/plugins/com.st.stm32cube.ide.mcu.externaltools.gnu-tools-for-stm32.9-2020-q2-update.win32_1.5.0.202011040924/tools/bin/../lib/gcc/arm-none-eabi/9.3.1/thumb/v7e-m+fp/hard/crtn.o
                0x0000000008009540                . = ALIGN (0x4)
                0x0000000008009540                _etext = .

.vfp11_veneer   0x0000000008009540        0x0
 .vfp11_veneer  0x0000000008009540        0x0 linker stubs

.v4_bx          0x0000000008009540        0x0
 .v4_bx         0x0000000008009540        0x0 linker stubs

.iplt           0x0000000008009540        0x0
 .iplt          0x0000000008009540        0x0 f:/essencialsoft/ide_stm/stm32cubeide_1.6.1/stm32cubeide/plugins/com.st.stm32cube.ide.mcu.externaltools.gnu-tools-for-stm32.9-2020-q2-update.win32_1.5.0.202011040924/tools/bin/../lib/gcc/arm-none-eabi/9.3.1/thumb/v7e-m+fp/hard/crtbegin.o

.rodata         0x0000000008009540      0x3c8
                0x0000000008009540                . = ALIGN (0x4)
 *(.rodata)
 *(.rodata*)
 .rodata.CRC4_Lookup4
                0x0000000008009540       0x10 Application/User/aspep.o
                0x0000000008009540                CRC4_Lookup4
 .rodata.CRC4_Lookup8
                0x0000000008009550      0x100 Application/User/aspep.o
                0x0000000008009550                CRC4_Lookup8
 .rodata.main.str1.4
                0x0000000008009650        0xd Application/User/main.o
 *fill*         0x000000000800965d        0x3 
 .rodata.R3_2_ParamsM1
                0x0000000008009660       0xcc Application/User/mc_parameters.o
                0x0000000008009660                R3_2_ParamsM1
 .rodata.R3_3_OPAMPParamsM1
                0x000000000800972c       0x6c Application/User/mc_parameters.o
                0x000000000800972c                R3_3_OPAMPParamsM1
 .rodata.CSWTCH.29
                0x0000000008009798       0x11 Application/User/register_interface.o
 *fill*         0x00000000080097a9        0x3 
 .rodata.CHANNEL_OFFSET_TAB
                0x00000000080097ac        0x6 Application/User/usart_aspep_driver.o
 *fill*         0x00000000080097b2        0x2 
 .rodata.AHBPrescTable
                0x00000000080097b4       0x10 Drivers/CMSIS/system_stm32g4xx.o
                0x00000000080097b4                AHBPrescTable
 .rodata.APBPrescTable
                0x00000000080097c4        0x8 Drivers/CMSIS/system_stm32g4xx.o
                0x00000000080097c4                APBPrescTable
 .rodata.CSWTCH.112
                0x00000000080097cc       0x40 Drivers/STM32G4xx_HAL_Driver/stm32g4xx_hal_tim_ex.o
 .rodata.CSWTCH.113
                0x000000000800980c       0x40 Drivers/STM32G4xx_HAL_Driver/stm32g4xx_hal_tim_ex.o
 .rodata.CSWTCH.114
                0x000000000800984c       0x40 Drivers/STM32G4xx_HAL_Driver/stm32g4xx_hal_tim_ex.o
 .rodata.CSWTCH.115
                0x000000000800988c       0x40 Drivers/STM32G4xx_HAL_Driver/stm32g4xx_hal_tim_ex.o
 .rodata.CSWTCH.58
                0x00000000080098cc        0x3 Drivers/STM32G4xx_HAL_Driver/stm32g4xx_hal_uart.o
 *fill*         0x00000000080098cf        0x1 
 .rodata.CSWTCH.59
                0x00000000080098d0        0xd Drivers/STM32G4xx_HAL_Driver/stm32g4xx_hal_uart.o
 *fill*         0x00000000080098dd        0x3 
 .rodata.UARTPrescTable
                0x00000000080098e0       0x18 Drivers/STM32G4xx_HAL_Driver/stm32g4xx_hal_uart.o
                0x00000000080098e0                UARTPrescTable
 .rodata.denominator.10015
                0x00000000080098f8        0x8 Drivers/STM32G4xx_HAL_Driver/stm32g4xx_hal_uart_ex.o
 .rodata.numerator.10014
                0x0000000008009900        0x8 Drivers/STM32G4xx_HAL_Driver/stm32g4xx_hal_uart_ex.o
                0x0000000008009908                . = ALIGN (0x4)

.ARM.extab      0x0000000008009908        0x0
                0x0000000008009908                . = ALIGN (0x4)
 *(.ARM.extab* .gnu.linkonce.armextab.*)
                0x0000000008009908                . = ALIGN (0x4)

.ARM            0x0000000008009908        0x8
                0x0000000008009908                . = ALIGN (0x4)
                0x0000000008009908                __exidx_start = .
 *(.ARM.exidx*)
 .ARM.exidx     0x0000000008009908        0x8 f:/essencialsoft/ide_stm/stm32cubeide_1.6.1/stm32cubeide/plugins/com.st.stm32cube.ide.mcu.externaltools.gnu-tools-for-stm32.9-2020-q2-update.win32_1.5.0.202011040924/tools/bin/../lib/gcc/arm-none-eabi/9.3.1/thumb/v7e-m+fp/hard\libgcc.a(_udivmoddi4.o)
                0x0000000008009910                __exidx_end = .
                0x0000000008009910                . = ALIGN (0x4)

.rel.dyn        0x0000000008009910        0x0
 .rel.iplt      0x0000000008009910        0x0 f:/essencialsoft/ide_stm/stm32cubeide_1.6.1/stm32cubeide/plugins/com.st.stm32cube.ide.mcu.externaltools.gnu-tools-for-stm32.9-2020-q2-update.win32_1.5.0.202011040924/tools/bin/../lib/gcc/arm-none-eabi/9.3.1/thumb/v7e-m+fp/hard/crtbegin.o

.preinit_array  0x0000000008009910        0x0
                0x0000000008009910                . = ALIGN (0x4)
                0x0000000008009910                PROVIDE (__preinit_array_start = .)
 *(.preinit_array*)
                0x0000000008009910                PROVIDE (__preinit_array_end = .)
                0x0000000008009910                . = ALIGN (0x4)

.init_array     0x0000000008009910        0x4
                0x0000000008009910                . = ALIGN (0x4)
                0x0000000008009910                PROVIDE (__init_array_start = .)
 *(SORT_BY_NAME(.init_array.*))
 *(.init_array*)
 .init_array    0x0000000008009910        0x4 f:/essencialsoft/ide_stm/stm32cubeide_1.6.1/stm32cubeide/plugins/com.st.stm32cube.ide.mcu.externaltools.gnu-tools-for-stm32.9-2020-q2-update.win32_1.5.0.202011040924/tools/bin/../lib/gcc/arm-none-eabi/9.3.1/thumb/v7e-m+fp/hard/crtbegin.o
                0x0000000008009914                PROVIDE (__init_array_end = .)
                0x0000000008009914                . = ALIGN (0x4)

.fini_array     0x0000000008009914        0x4
                0x0000000008009914                . = ALIGN (0x4)
                [!provide]                        PROVIDE (__fini_array_start = .)
 *(SORT_BY_NAME(.fini_array.*))
 *(.fini_array*)
 .fini_array    0x0000000008009914        0x4 f:/essencialsoft/ide_stm/stm32cubeide_1.6.1/stm32cubeide/plugins/com.st.stm32cube.ide.mcu.externaltools.gnu-tools-for-stm32.9-2020-q2-update.win32_1.5.0.202011040924/tools/bin/../lib/gcc/arm-none-eabi/9.3.1/thumb/v7e-m+fp/hard/crtbegin.o
                [!provide]                        PROVIDE (__fini_array_end = .)
                0x0000000008009918                . = ALIGN (0x4)
                0x0000000008009918                _sidata = LOADADDR (.data)

.data           0x0000000020000000      0x600 load address 0x0000000008009918
                0x0000000020000000                . = ALIGN (0x4)
                0x0000000020000000                _sdata = .
 *(.data)
 *(.data*)
 .data.BusVoltageSensor_M1
                0x0000000020000000       0x28 Application/User/mc_config.o
                0x0000000020000000                BusVoltageSensor_M1
 .data.CircleLimitationM1
                0x0000000020000028       0xb4 Application/User/mc_config.o
                0x0000000020000028                CircleLimitationM1
 .data.HALL_M1  0x00000000200000dc       0xc8 Application/User/mc_config.o
                0x00000000200000dc                HALL_M1
 .data.PIDIdHandle_M1
                0x00000000200001a4       0x2c Application/User/mc_config.o
                0x00000000200001a4                PIDIdHandle_M1
 .data.PIDIqHandle_M1
                0x00000000200001d0       0x2c Application/User/mc_config.o
                0x00000000200001d0                PIDIqHandle_M1
 .data.PIDSpeedHandle_M1
                0x00000000200001fc       0x2c Application/User/mc_config.o
                0x00000000200001fc                PIDSpeedHandle_M1
 .data.PQD_MotorPowMeasM1
                0x0000000020000228      0x114 Application/User/mc_config.o
                0x0000000020000228                PQD_MotorPowMeasM1
 .data.PWM_Handle_M1
                0x000000002000033c       0x90 Application/User/mc_config.o
                0x000000002000033c                PWM_Handle_M1
 .data.RampExtMngrHFParamsM1
                0x00000000200003cc       0x18 Application/User/mc_config.o
                0x00000000200003cc                RampExtMngrHFParamsM1
 .data.SpeednTorqCtrlM1
                0x00000000200003e4       0x34 Application/User/mc_config.o
                0x00000000200003e4                SpeednTorqCtrlM1
 .data.TempSensor_M1
                0x0000000020000418       0x28 Application/User/mc_config.o
                0x0000000020000418                TempSensor_M1
 .data.pMPM     0x0000000020000440        0x4 Application/User/mc_config.o
                0x0000000020000440                pMPM
 .data.pPIDId   0x0000000020000444        0x4 Application/User/mc_config.o
                0x0000000020000444                pPIDId
 .data.pPIDIq   0x0000000020000448        0x4 Application/User/mc_config.o
                0x0000000020000448                pPIDIq
 .data.pSTC     0x000000002000044c        0x4 Application/User/mc_config.o
                0x000000002000044c                pSTC
 .data.pTemperatureSensor
                0x0000000020000450        0x4 Application/User/mc_config.o
                0x0000000020000450                pTemperatureSensor
 .data.CTL_BOARD
                0x0000000020000454        0xe Application/User/mc_configuration_registers.o
                0x0000000020000454                CTL_BOARD
 *fill*         0x0000000020000462        0x2 
 .data.FOCConfig_reg
                0x0000000020000464        0x4 Application/User/mc_configuration_registers.o
                0x0000000020000464                FOCConfig_reg
 .data.M1_FOCConfig_reg
                0x0000000020000468        0xe Application/User/mc_configuration_registers.o
                0x0000000020000468                M1_FOCConfig_reg
 *fill*         0x0000000020000476        0x2 
 .data.M1_MOTOR_NAME
                0x0000000020000478        0xe Application/User/mc_configuration_registers.o
                0x0000000020000478                M1_MOTOR_NAME
 *fill*         0x0000000020000486        0x2 
 .data.M1_MotorConfig_reg
                0x0000000020000488        0xe Application/User/mc_configuration_registers.o
                0x0000000020000488                M1_MotorConfig_reg
 *fill*         0x0000000020000496        0x2 
 .data.M1_PWR_BOARD
                0x0000000020000498       0x1c Application/User/mc_configuration_registers.o
                0x0000000020000498                M1_PWR_BOARD
 .data.MOTOR_NAME
                0x00000000200004b4        0x4 Application/User/mc_configuration_registers.o
                0x00000000200004b4                MOTOR_NAME
 .data.MotorConfig_reg
                0x00000000200004b8        0x4 Application/User/mc_configuration_registers.o
                0x00000000200004b8                MotorConfig_reg
 .data.PWR_BOARD_NAME
                0x00000000200004bc        0x4 Application/User/mc_configuration_registers.o
                0x00000000200004bc                PWR_BOARD_NAME
 .data.globalConfig_reg
                0x00000000200004c0        0x6 Application/User/mc_configuration_registers.o
                0x00000000200004c0                globalConfig_reg
 *fill*         0x00000000200004c6        0x2 
 .data.MCPA_UART_A
                0x00000000200004c8       0x8c Application/User/mcp_config.o
                0x00000000200004c8                MCPA_UART_A
 .data.MCP_Over_UartA
                0x0000000020000554       0x10 Application/User/mcp_config.o
                0x0000000020000554                MCP_Over_UartA
 .data.UASPEP_A
                0x0000000020000564       0x14 Application/User/mcp_config.o
                0x0000000020000564                UASPEP_A
 .data.aspepOverUartA
                0x0000000020000578       0x6c Application/User/mcp_config.o
                0x0000000020000578                aspepOverUartA
 .data.BusVoltageSensor
                0x00000000200005e4        0x4 Application/User/register_interface.o
                0x00000000200005e4                BusVoltageSensor
 .data.pHallSensor
                0x00000000200005e8        0x4 Application/User/register_interface.o
                0x00000000200005e8                pHallSensor
 .data.pPIDSpeed
                0x00000000200005ec        0x4 Application/User/register_interface.o
                0x00000000200005ec                pPIDSpeed
 .data.SystickDividerCounter.15447
                0x00000000200005f0        0x1 Application/User/stm32g4xx_mc_it.o
 *fill*         0x00000000200005f1        0x3 
 .data.SystemCoreClock
                0x00000000200005f4        0x4 Drivers/CMSIS/system_stm32g4xx.o
                0x00000000200005f4                SystemCoreClock
 .data.uwTickFreq
                0x00000000200005f8        0x4 Drivers/STM32G4xx_HAL_Driver/stm32g4xx_hal.o
                0x00000000200005f8                uwTickFreq
 .data.uwTickPrio
                0x00000000200005fc        0x4 Drivers/STM32G4xx_HAL_Driver/stm32g4xx_hal.o
                0x00000000200005fc                uwTickPrio
 *(.RamFunc)
 *(.RamFunc*)
                0x0000000020000600                . = ALIGN (0x4)
                0x0000000020000600                _edata = .

.igot.plt       0x0000000020000600        0x0 load address 0x0000000008009f18
 .igot.plt      0x0000000020000600        0x0 f:/essencialsoft/ide_stm/stm32cubeide_1.6.1/stm32cubeide/plugins/com.st.stm32cube.ide.mcu.externaltools.gnu-tools-for-stm32.9-2020-q2-update.win32_1.5.0.202011040924/tools/bin/../lib/gcc/arm-none-eabi/9.3.1/thumb/v7e-m+fp/hard/crtbegin.o
                0x0000000020000600                . = ALIGN (0x4)

.bss            0x0000000020000600     0x17c0 load address 0x0000000008009f18
                0x0000000020000600                _sbss = .
                0x0000000020000600                __bss_start__ = _sbss
 *(.bss)
 .bss           0x0000000020000600       0x1c f:/essencialsoft/ide_stm/stm32cubeide_1.6.1/stm32cubeide/plugins/com.st.stm32cube.ide.mcu.externaltools.gnu-tools-for-stm32.9-2020-q2-update.win32_1.5.0.202011040924/tools/bin/../lib/gcc/arm-none-eabi/9.3.1/thumb/v7e-m+fp/hard/crtbegin.o
 *(.bss*)
 .bss.bMCBootCompleted
                0x000000002000061c        0x1 Application/User/mc_tasks.o
                0x000000002000061c                bMCBootCompleted
 *fill*         0x000000002000061d        0x1 
 .bss.hBootCapDelayCounterM1
                0x000000002000061e        0x2 Application/User/mc_tasks.o
 .bss.hMFTaskCounterM1
                0x0000000020000620        0x2 Application/User/mc_tasks.o
 .bss.hStopPermanencyCounterM1
                0x0000000020000622        0x2 Application/User/mc_tasks.o
 .bss.nullData16
                0x0000000020000624        0x2 Application/User/register_interface.o
 *fill*         0x0000000020000626        0x2 
 .bss.HAL_RCC_ADC12_CLK_ENABLED
                0x0000000020000628        0x4 Application/User/stm32g4xx_hal_msp.o
 .bss.GLOBAL_TIMESTAMP
                0x000000002000062c        0x4 Middlewares/MotorControl/mcpa.o
                0x000000002000062c                GLOBAL_TIMESTAMP
 *(COMMON)
 COMMON         0x0000000020000630      0x4ac Application/User/main.o
                0x0000000020000630                hdma_usart2_rx
                0x0000000020000690                hopamp2
                0x00000000200006cc                hdac3
                0x00000000200006e0                htim4
                0x000000002000072c                huart3
                0x00000000200007bc                hadc2
                0x0000000020000828                hopamp3
                0x0000000020000864                hcomp1
                0x0000000020000888                hopamp1
                0x00000000200008c4                hcomp4
                0x00000000200008e8                hadc1
                0x0000000020000954                hdma_usart2_tx
                0x00000000200009b4                hcordic
                0x00000000200009dc                htim1
                0x0000000020000a28                hcomp2
                0x0000000020000a4c                huart2
 COMMON         0x0000000020000adc       0x30 Application/User/mc_config.o
                0x0000000020000adc                Mci
                0x0000000020000af8                STM
                0x0000000020000b00                RealBusVoltageSensorFilterBufferM1
 COMMON         0x0000000020000b0c       0x3c Application/User/mc_tasks.o
                0x0000000020000b0c                pOCPDisabling
                0x0000000020000b10                pwmcHandle
                0x0000000020000b14                pR_Brake
                0x0000000020000b18                FOCVars
                0x0000000020000b40                pCLM
                0x0000000020000b44                pREMNG
 COMMON         0x0000000020000b48     0x121a Application/User/mcp_config.o
                0x0000000020000b48                MCPSyncTxBuff
                0x0000000020000c50                MCPAsyncBuffUARTA_B
                0x0000000020001458                MCPSyncRXBuff
                0x000000002000155c                MCPAsyncBuffUARTA_A
 *fill*         0x0000000020001d62        0x2 
 COMMON         0x0000000020001d64        0x4 Application/User/motorcontrol.o
                0x0000000020001d64                pMCI
 COMMON         0x0000000020001d68       0x52 Application/User/regular_conversion_manager.o
                0x0000000020001d68                RCM_currentHandle
                0x0000000020001d69                RCM_UserConvHandle
                0x0000000020001d6c                RCM_NoInj_array
                0x0000000020001d84                RCM_CB_array
                0x0000000020001da4                RCM_UserConvState
                0x0000000020001da8                RCM_handle_array
                0x0000000020001db8                RCM_UserConvValue
 *fill*         0x0000000020001dba        0x2 
 COMMON         0x0000000020001dbc        0x4 Drivers/STM32G4xx_HAL_Driver/stm32g4xx_hal.o
                0x0000000020001dbc                uwTick
                0x0000000020001dc0                . = ALIGN (0x4)
                0x0000000020001dc0                _ebss = .
                0x0000000020001dc0                __bss_end__ = _ebss

._user_heap_stack
                0x0000000020001dc0      0x600 load address 0x0000000008009f18
                0x0000000020001dc0                . = ALIGN (0x8)
                [!provide]                        PROVIDE (end = .)
                0x0000000020001dc0                PROVIDE (_end = .)
                0x0000000020001fc0                . = (. + _Min_Heap_Size)
 *fill*         0x0000000020001dc0      0x200 
                0x00000000200023c0                . = (. + _Min_Stack_Size)
 *fill*         0x0000000020001fc0      0x400 
                0x00000000200023c0                . = ALIGN (0x8)

/DISCARD/
 libc.a(*)
 libm.a(*)
 libgcc.a(*)

.ARM.attributes
                0x0000000000000000       0x30
 *(.ARM.attributes)
 .ARM.attributes
                0x0000000000000000       0x1e f:/essencialsoft/ide_stm/stm32cubeide_1.6.1/stm32cubeide/plugins/com.st.stm32cube.ide.mcu.externaltools.gnu-tools-for-stm32.9-2020-q2-update.win32_1.5.0.202011040924/tools/bin/../lib/gcc/arm-none-eabi/9.3.1/thumb/v7e-m+fp/hard/crti.o
 .ARM.attributes
                0x000000000000001e       0x34 f:/essencialsoft/ide_stm/stm32cubeide_1.6.1/stm32cubeide/plugins/com.st.stm32cube.ide.mcu.externaltools.gnu-tools-for-stm32.9-2020-q2-update.win32_1.5.0.202011040924/tools/bin/../lib/gcc/arm-none-eabi/9.3.1/thumb/v7e-m+fp/hard/crtbegin.o
 .ARM.attributes
                0x0000000000000052       0x21 Application/Startup/startup_stm32g431cbux.o
 .ARM.attributes
                0x0000000000000073       0x30 Application/User/aspep.o
 .ARM.attributes
                0x00000000000000a3       0x30 Application/User/main.o
 .ARM.attributes
                0x00000000000000d3       0x30 Application/User/mc_api.o
 .ARM.attributes
                0x0000000000000103       0x35 Application/User/mc_config.o
 .ARM.attributes
                0x0000000000000138       0x35 Application/User/mc_configuration_registers.o
 .ARM.attributes
                0x000000000000016d       0x30 Application/User/mc_interface.o
 .ARM.attributes
                0x000000000000019d       0x30 Application/User/mc_math.o
 .ARM.attributes
                0x00000000000001cd       0x35 Application/User/mc_parameters.o
 .ARM.attributes
                0x0000000000000202       0x30 Application/User/mc_tasks.o
 .ARM.attributes
                0x0000000000000232       0x35 Application/User/mcp_config.o
 .ARM.attributes
                0x0000000000000267       0x30 Application/User/motorcontrol.o
 .ARM.attributes
                0x0000000000000297       0x30 Application/User/pwm_curr_fdbk.o
 .ARM.attributes
                0x00000000000002c7       0x30 Application/User/register_interface.o
 .ARM.attributes
                0x00000000000002f7       0x30 Application/User/regular_conversion_manager.o
 .ARM.attributes
                0x0000000000000327       0x30 Application/User/stm32g4xx_hal_msp.o
 .ARM.attributes
                0x0000000000000357       0x30 Application/User/stm32g4xx_mc_it.o
 .ARM.attributes
                0x0000000000000387       0x30 Application/User/usart_aspep_driver.o
 .ARM.attributes
                0x00000000000003b7       0x30 Drivers/CMSIS/system_stm32g4xx.o
 .ARM.attributes
                0x00000000000003e7       0x30 Drivers/STM32G4xx_HAL_Driver/stm32g4xx_hal.o
 .ARM.attributes
                0x0000000000000417       0x30 Drivers/STM32G4xx_HAL_Driver/stm32g4xx_hal_adc.o
 .ARM.attributes
                0x0000000000000447       0x30 Drivers/STM32G4xx_HAL_Driver/stm32g4xx_hal_adc_ex.o
 .ARM.attributes
                0x0000000000000477       0x30 Drivers/STM32G4xx_HAL_Driver/stm32g4xx_hal_comp.o
 .ARM.attributes
                0x00000000000004a7       0x30 Drivers/STM32G4xx_HAL_Driver/stm32g4xx_hal_cordic.o
 .ARM.attributes
                0x00000000000004d7       0x30 Drivers/STM32G4xx_HAL_Driver/stm32g4xx_hal_cortex.o
 .ARM.attributes
                0x0000000000000507       0x30 Drivers/STM32G4xx_HAL_Driver/stm32g4xx_hal_dac.o
 .ARM.attributes
                0x0000000000000537       0x30 Drivers/STM32G4xx_HAL_Driver/stm32g4xx_hal_dma.o
 .ARM.attributes
                0x0000000000000567       0x30 Drivers/STM32G4xx_HAL_Driver/stm32g4xx_hal_gpio.o
 .ARM.attributes
                0x0000000000000597       0x30 Drivers/STM32G4xx_HAL_Driver/stm32g4xx_hal_opamp.o
 .ARM.attributes
                0x00000000000005c7       0x30 Drivers/STM32G4xx_HAL_Driver/stm32g4xx_hal_pwr_ex.o
 .ARM.attributes
                0x00000000000005f7       0x30 Drivers/STM32G4xx_HAL_Driver/stm32g4xx_hal_rcc.o
 .ARM.attributes
                0x0000000000000627       0x30 Drivers/STM32G4xx_HAL_Driver/stm32g4xx_hal_rcc_ex.o
 .ARM.attributes
                0x0000000000000657       0x30 Drivers/STM32G4xx_HAL_Driver/stm32g4xx_hal_tim.o
 .ARM.attributes
                0x0000000000000687       0x30 Drivers/STM32G4xx_HAL_Driver/stm32g4xx_hal_tim_ex.o
 .ARM.attributes
                0x00000000000006b7       0x30 Drivers/STM32G4xx_HAL_Driver/stm32g4xx_hal_uart.o
 .ARM.attributes
                0x00000000000006e7       0x30 Drivers/STM32G4xx_HAL_Driver/stm32g4xx_hal_uart_ex.o
 .ARM.attributes
                0x0000000000000717       0x30 Middlewares/MotorControl/bus_voltage_sensor.o
 .ARM.attributes
                0x0000000000000747       0x30 Middlewares/MotorControl/circle_limitation.o
 .ARM.attributes
                0x0000000000000777       0x30 Middlewares/MotorControl/hall_speed_pos_fdbk.o
 .ARM.attributes
                0x00000000000007a7       0x30 Middlewares/MotorControl/mcp.o
 .ARM.attributes
                0x00000000000007d7       0x30 Middlewares/MotorControl/mcpa.o
 .ARM.attributes
                0x0000000000000807       0x30 Middlewares/MotorControl/motor_power_measurement.o
 .ARM.attributes
                0x0000000000000837       0x30 Middlewares/MotorControl/ntc_temperature_sensor.o
 .ARM.attributes
                0x0000000000000867       0x30 Middlewares/MotorControl/pid_regulator.o
 .ARM.attributes
                0x0000000000000897       0x30 Middlewares/MotorControl/pqd_motor_power_measurement.o
 .ARM.attributes
                0x00000000000008c7       0x30 Middlewares/MotorControl/pwm_common.o
 .ARM.attributes
                0x00000000000008f7       0x30 Middlewares/MotorControl/r3_2_g4xx_pwm_curr_fdbk.o
 .ARM.attributes
                0x0000000000000927       0x30 Middlewares/MotorControl/r_divider_bus_voltage_sensor.o
 .ARM.attributes
                0x0000000000000957       0x30 Middlewares/MotorControl/ramp_ext_mngr.o
 .ARM.attributes
                0x0000000000000987       0x30 Middlewares/MotorControl/speed_pos_fdbk.o
 .ARM.attributes
                0x00000000000009b7       0x30 Middlewares/MotorControl/speed_torq_ctrl.o
 .ARM.attributes
                0x00000000000009e7       0x30 Middlewares/MotorControl/state_machine.o
 .ARM.attributes
                0x0000000000000a17       0x34 f:/essencialsoft/ide_stm/stm32cubeide_1.6.1/stm32cubeide/plugins/com.st.stm32cube.ide.mcu.externaltools.gnu-tools-for-stm32.9-2020-q2-update.win32_1.5.0.202011040924/tools/bin/../lib/gcc/arm-none-eabi/9.3.1/../../../../arm-none-eabi/lib/thumb/v7e-m+fp/hard\libc_nano.a(lib_a-init.o)
 .ARM.attributes
                0x0000000000000a4b       0x34 f:/essencialsoft/ide_stm/stm32cubeide_1.6.1/stm32cubeide/plugins/com.st.stm32cube.ide.mcu.externaltools.gnu-tools-for-stm32.9-2020-q2-update.win32_1.5.0.202011040924/tools/bin/../lib/gcc/arm-none-eabi/9.3.1/../../../../arm-none-eabi/lib/thumb/v7e-m+fp/hard\libc_nano.a(lib_a-memcpy-stub.o)
 .ARM.attributes
                0x0000000000000a7f       0x34 f:/essencialsoft/ide_stm/stm32cubeide_1.6.1/stm32cubeide/plugins/com.st.stm32cube.ide.mcu.externaltools.gnu-tools-for-stm32.9-2020-q2-update.win32_1.5.0.202011040924/tools/bin/../lib/gcc/arm-none-eabi/9.3.1/../../../../arm-none-eabi/lib/thumb/v7e-m+fp/hard\libc_nano.a(lib_a-memset.o)
 .ARM.attributes
                0x0000000000000ab3       0x1e f:/essencialsoft/ide_stm/stm32cubeide_1.6.1/stm32cubeide/plugins/com.st.stm32cube.ide.mcu.externaltools.gnu-tools-for-stm32.9-2020-q2-update.win32_1.5.0.202011040924/tools/bin/../lib/gcc/arm-none-eabi/9.3.1/thumb/v7e-m+fp/hard\libgcc.a(_aeabi_uldivmod.o)
 .ARM.attributes
                0x0000000000000ad1       0x34 f:/essencialsoft/ide_stm/stm32cubeide_1.6.1/stm32cubeide/plugins/com.st.stm32cube.ide.mcu.externaltools.gnu-tools-for-stm32.9-2020-q2-update.win32_1.5.0.202011040924/tools/bin/../lib/gcc/arm-none-eabi/9.3.1/thumb/v7e-m+fp/hard\libgcc.a(_udivmoddi4.o)
 .ARM.attributes
                0x0000000000000b05       0x1e f:/essencialsoft/ide_stm/stm32cubeide_1.6.1/stm32cubeide/plugins/com.st.stm32cube.ide.mcu.externaltools.gnu-tools-for-stm32.9-2020-q2-update.win32_1.5.0.202011040924/tools/bin/../lib/gcc/arm-none-eabi/9.3.1/thumb/v7e-m+fp/hard\libgcc.a(_dvmd_tls.o)
 .ARM.attributes
                0x0000000000000b23       0x1e f:/essencialsoft/ide_stm/stm32cubeide_1.6.1/stm32cubeide/plugins/com.st.stm32cube.ide.mcu.externaltools.gnu-tools-for-stm32.9-2020-q2-update.win32_1.5.0.202011040924/tools/bin/../lib/gcc/arm-none-eabi/9.3.1/thumb/v7e-m+fp/hard/crtn.o
OUTPUT(uartCompatible.elf elf32-littlearm)
LOAD linker stubs
LOAD f:/essencialsoft/ide_stm/stm32cubeide_1.6.1/stm32cubeide/plugins/com.st.stm32cube.ide.mcu.externaltools.gnu-tools-for-stm32.9-2020-q2-update.win32_1.5.0.202011040924/tools/bin/../lib/gcc/arm-none-eabi/9.3.1/../../../../arm-none-eabi/lib/thumb/v7e-m+fp/hard\libc.a
LOAD f:/essencialsoft/ide_stm/stm32cubeide_1.6.1/stm32cubeide/plugins/com.st.stm32cube.ide.mcu.externaltools.gnu-tools-for-stm32.9-2020-q2-update.win32_1.5.0.202011040924/tools/bin/../lib/gcc/arm-none-eabi/9.3.1/../../../../arm-none-eabi/lib/thumb/v7e-m+fp/hard\libm.a
LOAD f:/essencialsoft/ide_stm/stm32cubeide_1.6.1/stm32cubeide/plugins/com.st.stm32cube.ide.mcu.externaltools.gnu-tools-for-stm32.9-2020-q2-update.win32_1.5.0.202011040924/tools/bin/../lib/gcc/arm-none-eabi/9.3.1/thumb/v7e-m+fp/hard\libgcc.a

.debug_line     0x0000000000000000    0x42d27
 .debug_line    0x0000000000000000       0x90 Application/Startup/startup_stm32g431cbux.o
 .debug_line    0x0000000000000090     0x197c Application/User/aspep.o
 .debug_line    0x0000000000001a0c     0x1dc3 Application/User/main.o
 .debug_line    0x00000000000037cf      0xf2e Application/User/mc_api.o
 .debug_line    0x00000000000046fd      0xccc Application/User/mc_config.o
 .debug_line    0x00000000000053c9      0xac0 Application/User/mc_configuration_registers.o
 .debug_line    0x0000000000005e89     0x1022 Application/User/mc_interface.o
 .debug_line    0x0000000000006eab      0xc6d Application/User/mc_math.o
 .debug_line    0x0000000000007b18      0xcbd Application/User/mc_parameters.o
 .debug_line    0x00000000000087d5     0x1682 Application/User/mc_tasks.o
 .debug_line    0x0000000000009e57      0xab5 Application/User/mcp_config.o
 .debug_line    0x000000000000a90c      0xcf2 Application/User/motorcontrol.o
 .debug_line    0x000000000000b5fe     0x1141 Application/User/pwm_curr_fdbk.o
 .debug_line    0x000000000000c73f     0x1e8c Application/User/register_interface.o
 .debug_line    0x000000000000e5cb     0x1664 Application/User/regular_conversion_manager.o
 .debug_line    0x000000000000fc2f     0x15a3 Application/User/stm32g4xx_hal_msp.o
 .debug_line    0x00000000000111d2     0x11d6 Application/User/stm32g4xx_mc_it.o
 .debug_line    0x00000000000123a8      0xe78 Application/User/usart_aspep_driver.o
 .debug_line    0x0000000000013220      0x91f Drivers/CMSIS/system_stm32g4xx.o
 .debug_line    0x0000000000013b3f      0xd43 Drivers/STM32G4xx_HAL_Driver/stm32g4xx_hal.o
 .debug_line    0x0000000000014882     0x2ef4 Drivers/STM32G4xx_HAL_Driver/stm32g4xx_hal_adc.o
 .debug_line    0x0000000000017776     0x299c Drivers/STM32G4xx_HAL_Driver/stm32g4xx_hal_adc_ex.o
 .debug_line    0x000000000001a112      0xe2d Drivers/STM32G4xx_HAL_Driver/stm32g4xx_hal_comp.o
 .debug_line    0x000000000001af3f     0x12ca Drivers/STM32G4xx_HAL_Driver/stm32g4xx_hal_cordic.o
 .debug_line    0x000000000001c209      0xea7 Drivers/STM32G4xx_HAL_Driver/stm32g4xx_hal_cortex.o
 .debug_line    0x000000000001d0b0     0x10d9 Drivers/STM32G4xx_HAL_Driver/stm32g4xx_hal_dac.o
 .debug_line    0x000000000001e189     0x157e Drivers/STM32G4xx_HAL_Driver/stm32g4xx_hal_dma.o
 .debug_line    0x000000000001f707      0xe30 Drivers/STM32G4xx_HAL_Driver/stm32g4xx_hal_gpio.o
 .debug_line    0x0000000000020537      0xdc3 Drivers/STM32G4xx_HAL_Driver/stm32g4xx_hal_opamp.o
 .debug_line    0x00000000000212fa     0x10fe Drivers/STM32G4xx_HAL_Driver/stm32g4xx_hal_pwr_ex.o
 .debug_line    0x00000000000223f8     0x153e Drivers/STM32G4xx_HAL_Driver/stm32g4xx_hal_rcc.o
 .debug_line    0x0000000000023936     0x1643 Drivers/STM32G4xx_HAL_Driver/stm32g4xx_hal_rcc_ex.o
 .debug_line    0x0000000000024f79     0x66f4 Drivers/STM32G4xx_HAL_Driver/stm32g4xx_hal_tim.o
 .debug_line    0x000000000002b66d     0x2751 Drivers/STM32G4xx_HAL_Driver/stm32g4xx_hal_tim_ex.o
 .debug_line    0x000000000002ddbe     0x4189 Drivers/STM32G4xx_HAL_Driver/stm32g4xx_hal_uart.o
 .debug_line    0x0000000000031f47     0x1480 Drivers/STM32G4xx_HAL_Driver/stm32g4xx_hal_uart_ex.o
 .debug_line    0x00000000000333c7      0xaa8 Middlewares/MotorControl/bus_voltage_sensor.o
 .debug_line    0x0000000000033e6f      0xada Middlewares/MotorControl/circle_limitation.o
 .debug_line    0x0000000000034949     0x1951 Middlewares/MotorControl/hall_speed_pos_fdbk.o
 .debug_line    0x000000000003629a      0xd51 Middlewares/MotorControl/mcp.o
 .debug_line    0x0000000000036feb      0xd3f Middlewares/MotorControl/mcpa.o
 .debug_line    0x0000000000037d2a      0xb35 Middlewares/MotorControl/motor_power_measurement.o
 .debug_line    0x000000000003885f      0xbf1 Middlewares/MotorControl/ntc_temperature_sensor.o
 .debug_line    0x0000000000039450      0xe44 Middlewares/MotorControl/pid_regulator.o
 .debug_line    0x000000000003a294      0xaf4 Middlewares/MotorControl/pqd_motor_power_measurement.o
 .debug_line    0x000000000003ad88      0xc10 Middlewares/MotorControl/pwm_common.o
 .debug_line    0x000000000003b998     0x324a Middlewares/MotorControl/r3_2_g4xx_pwm_curr_fdbk.o
 .debug_line    0x000000000003ebe2      0xdd7 Middlewares/MotorControl/r_divider_bus_voltage_sensor.o
 .debug_line    0x000000000003f9b9      0xc68 Middlewares/MotorControl/ramp_ext_mngr.o
 .debug_line    0x0000000000040621      0xbd7 Middlewares/MotorControl/speed_pos_fdbk.o
 .debug_line    0x00000000000411f8      0xe8d Middlewares/MotorControl/speed_torq_ctrl.o
 .debug_line    0x0000000000042085      0xca2 Middlewares/MotorControl/state_machine.o

.debug_info     0x0000000000000000    0x50b07
 .debug_info    0x0000000000000000       0x22 Application/Startup/startup_stm32g431cbux.o