mc_tasks.c:422:13:FOC_Clear	24	static
mc_tasks.c:106:13:MCboot	48	static
mc_tasks.c:458:13:FOC_InitAdditionalMethods	0	static
mc_tasks.c:475:13:FOC_CalcCurrRef	8	static
mc_tasks.c:498:13:TSK_SetChargeBootCapDelayM1	0	static
mc_tasks.c:509:13:TSK_ChargeBootCapDelayHasElapsedM1	0	static
mc_tasks.c:525:13:TSK_SetStopPermanencyTimeM1	0	static
mc_tasks.c:536:13:TSK_StopPermanencyTimeHasElapsedM1	0	static
mc_tasks.c:285:13:TSK_MediumFrequencyTaskM1	24	static
mc_tasks.c:224:13:MC_Scheduler	16	static
mc_tasks.c:562:16:TSK_HighFrequencyTask	48	static
mc_tasks.c:684:13:TSK_SafetyTask_PWMOFF	24	static
mc_tasks.c:662:13:TSK_SafetyTask	8	static
mc_tasks.c:206:13:MC_RunMotorControlTasks	8	static
mc_tasks.c:734:23:GetMCI	0	static
mc_tasks.c:750:13:TSK_HardwareFaultTask	8	static
mc_tasks.c:762:13:UI_HandleStartStopButton_cb	8	static
mc_tasks.c:780:13:mc_lock_pins	96	static
